10:29:44 **** Incremental Build of configuration Debug for project dmatest ****
make all 
Building file: ../src/axidma.c
Invoking: ARM Linux gcc compiler
arm-xilinx-linux-gnueabi-gcc -Wall -O0 -g3 -I/home/einsamer-wolf/zynq_os/linux-xlnx/mm -I/home/einsamer-wolf/zynq_os/linux-xlnx/arch/arm/include/asm -I/home/einsamer-wolf/zynq_os/linux-xlnx/drivers/dma -I/home/einsamer-wolf/zynq_os/linux-xlnx/include/asm-generic -c -fmessage-length=0 -MT"src/axidma.o" -MMD -MP -MF"src/axidma.d" -MT"src/axidma.d" -o "src/axidma.o" "../src/axidma.c"
In file included from /home/einsamer-wolf/zynq_os/linux-xlnx/arch/arm/include/asm/bug.h:6:0,
                 from /home/einsamer-wolf/zynq_os/linux-xlnx/drivers/dma/dmaengine.h:8,
                 from ../src/axidma.c:10:
/home/einsamer-wolf/zynq_os/linux-xlnx/arch/arm/include/asm/opcodes.h:14:19: error: expected '=', ',', ';', 'asm' or '__attribute__' before 'unsigned'
 extern asmlinkage unsigned int arm_check_condition(u32 opcode, u32 psr);
                   ^
In file included from /home/einsamer-wolf/zynq_os/linux-xlnx/arch/arm/include/asm/bug.h:6:0,
                 from /home/einsamer-wolf/zynq_os/linux-xlnx/drivers/dma/dmaengine.h:8,
                 from ../src/axidma.c:10:
/home/einsamer-wolf/zynq_os/linux-xlnx/arch/arm/include/asm/opcodes.h:200:23: fatal error: stringify.h: No such file or directory
 #include <stringify.h>
                       ^
compilation terminated.
make: *** [src/axidma.o] エラー 1

**** Build of configuration Debug for project dma ****

Nothing to build for project dma

****  of configuration Debug for project dma ****

Nothing to build for project dma

****  of configuration Debug for project dma ****

Nothing to build for project dma

****  of configuration Debug for project dma ****

Nothing to build for project dma
14:08:24 **** Auto Build of configuration Debug for project dma ****
make all 
Building file: ../src/axidma.c
Invoking: ARM Linux gcc compiler
arm-xilinx-linux-gnueabi-gcc -Wall -O0 -g3 -I/home/einsamer-wolf/zynq_os/linux-xlnx -c -fmessage-length=0 -MT"src/axidma.o" -MMD -MP -MF"src/axidma.d" -MT"src/axidma.d" -o "src/axidma.o" "../src/axidma.c"
../src/axidma.c:10:29: fatal error: linux/dmaengine.h: No such file or directory
 #include <linux/dmaengine.h>
                             ^
compilation terminated.
make: *** [src/axidma.o] エラー 1
16:57:21 **** Auto Build of configuration Debug for project dma ****
make all 
Building file: ../src/axidma.c
Invoking: ARM Linux gcc compiler
arm-xilinx-linux-gnueabi-gcc -Wall -O0 -g3 -I/home/einsamer-wolf/zynq_os/linux-xlnx -c -fmessage-length=0 -MT"src/axidma.o" -MMD -MP -MF"src/axidma.d" -MT"src/axidma.d" -o "src/axidma.o" "../src/axidma.c"
../src/axidma.c:10:23: fatal error: dmaengine.h: No such file or directory
 #include <dmaengine.h>
                       ^
compilation terminated.
make: *** [src/axidma.o] エラー 1
16:57:48 **** Auto Build of configuration Debug for project dma ****
make all 
Building file: ../src/axidma.c
Invoking: ARM Linux gcc compiler
arm-xilinx-linux-gnueabi-gcc -Wall -O0 -g3 -I/home/einsamer-wolf/zynq_os/linux-xlnx -c -fmessage-length=0 -MT"src/axidma.o" -MMD -MP -MF"src/axidma.d" -MT"src/axidma.d" -o "src/axidma.o" "../src/axidma.c"
../src/axidma.c:10:23: fatal error: dmaengine.h: No such file or directory
 #include <dmaengine.h>
                       ^
compilation terminated.
make: *** [src/axidma.o] エラー 1
16:58:05 **** Auto Build of configuration Debug for project dma ****
make all 
Building file: ../src/axidma.c
Invoking: ARM Linux gcc compiler
arm-xilinx-linux-gnueabi-gcc -Wall -O0 -g3 -I/home/einsamer-wolf/zynq_os/linux-xlnx -c -fmessage-length=0 -MT"src/axidma.o" -MMD -MP -MF"src/axidma.d" -MT"src/axidma.d" -o "src/axidma.o" "../src/axidma.c"
../src/axidma.c:10:29: fatal error: linux/dmaengine.h: No such file or directory
 #include <linux/dmaengine.h>
                             ^
compilation terminated.
make: *** [src/axidma.o] エラー 1
16:58:10 **** Auto Build of configuration Debug for project dma ****
make all 
Building file: ../src/axidma.c
Invoking: ARM Linux gcc compiler
arm-xilinx-linux-gnueabi-gcc -Wall -O0 -g3 -I/home/einsamer-wolf/zynq_os/linux-xlnx -c -fmessage-length=0 -MT"src/axidma.o" -MMD -MP -MF"src/axidma.d" -MT"src/axidma.d" -o "src/axidma.o" "../src/axidma.c"
../src/axidma.c:10:29: fatal error: linux/dmaengine.h: No such file or directory
 #include "linux/dmaengine.h"
                             ^
compilation terminated.
make: *** [src/axidma.o] エラー 1
16:59:10 **** Auto Build of configuration Debug for project dma ****
make all 
Building file: ../src/axidma.c
Invoking: ARM Linux gcc compiler
arm-xilinx-linux-gnueabi-gcc -Wall -O0 -g3 -I/home/einsamer-wolf/zynq_os/linux-xlnx -c -fmessage-length=0 -MT"src/axidma.o" -MMD -MP -MF"src/axidma.d" -MT"src/axidma.d" -o "src/axidma.o" "../src/axidma.c"
../src/axidma.c:10:29: fatal error: linux/dmaengine.h: No such file or directory
 #include <linux/dmaengine.h>
                             ^
compilation terminated.
make: *** [src/axidma.o] エラー 1
17:02:46 **** Auto Build of configuration Debug for project dma ****
make all 
Building file: ../src/axidma.c
Invoking: ARM Linux gcc compiler
arm-xilinx-linux-gnueabi-gcc -Wall -O0 -g3 -I/home/einsamer-wolf/zynq_os/linux-xlnx -c -fmessage-length=0 -MT"src/axidma.o" -MMD -MP -MF"src/axidma.d" -MT"src/axidma.d" -o "src/axidma.o" "../src/axidma.c"
../src/axidma.c:10:27: fatal error: dma/dmaengine.h: No such file or directory
 #include <dma/dmaengine.h>
                           ^
compilation terminated.
make: *** [src/axidma.o] エラー 1
17:02:52 **** Auto Build of configuration Debug for project dma ****
make all 
Building file: ../src/axidma.c
Invoking: ARM Linux gcc compiler
arm-xilinx-linux-gnueabi-gcc -Wall -O0 -g3 -I/home/einsamer-wolf/zynq_os/linux-xlnx -c -fmessage-length=0 -MT"src/axidma.o" -MMD -MP -MF"src/axidma.d" -MT"src/axidma.d" -o "src/axidma.o" "../src/axidma.c"
In file included from ../src/axidma.c:10:0:
/home/einsamer-wolf/zynq_os/linux-xlnx/drivers/dma/dmaengine.h:8:17: fatal error: bug.h: No such file or directory
 #include <bug.h>
                 ^
compilation terminated.
make: *** [src/axidma.o] エラー 1
17:03:10 **** Auto Build of configuration Debug for project dma ****
make all 
Building file: ../src/axidma.c
Invoking: ARM Linux gcc compiler
arm-xilinx-linux-gnueabi-gcc -Wall -O0 -g3 -I/home/einsamer-wolf/zynq_os/linux-xlnx -c -fmessage-length=0 -MT"src/axidma.o" -MMD -MP -MF"src/axidma.d" -MT"src/axidma.d" -o "src/axidma.o" "../src/axidma.c"
In file included from ../src/axidma.c:10:0:
/home/einsamer-wolf/zynq_os/linux-xlnx/drivers/dma/dmaengine.h:8:17: fatal error: bug.h: No such file or directory
 #include <bug.h>
                 ^
compilation terminated.
make: *** [src/axidma.o] エラー 1
17:06:59 **** Auto Build of configuration Debug for project dma ****
make all 
Building file: ../src/axidma.c
Invoking: ARM Linux gcc compiler
arm-xilinx-linux-gnueabi-gcc -Wall -O0 -g3 -I/home/einsamer-wolf/zynq_os/linux-xlnx -c -fmessage-length=0 -MT"src/axidma.o" -MMD -MP -MF"src/axidma.d" -MT"src/axidma.d" -o "src/axidma.o" "../src/axidma.c"
In file included from ../src/axidma.c:10:0:
/home/einsamer-wolf/zynq_os/linux-xlnx/drivers/dma/dmaengine.h:8:17: fatal error: bug.h: No such file or directory
 #include <bug.h>
                 ^
compilation terminated.
make: *** [src/axidma.o] エラー 1
11:04:51 **** Auto Build of configuration Debug for project dma ****
make all 
Building file: ../src/axidma.c
Invoking: ARM Linux gcc compiler
arm-xilinx-linux-gnueabi-gcc -Wall -O0 -g3 -I/home/einsamer-wolf/zynq_os/linux-xlnx -c -fmessage-length=0 -MT"src/axidma.o" -MMD -MP -MF"src/axidma.d" -MT"src/axidma.d" -o "src/axidma.o" "../src/axidma.c"
In file included from ../src/axidma.c:10:0:
/opt/Xilinx/SDK/2015.3/gnu/arm/lin/arm-xilinx-linux-gnueabi/libc/usr/include/linux/dmaengine.h:8:17: fatal error: bug.h: No such file or directory
 #include <bug.h>
                 ^
compilation terminated.
make: *** [src/axidma.o] エラー 1
11:11:28 **** Auto Build of project device_tree_bsp_0 ****
make -k all 
make: `all' に対して行うべき事はありません.
11:12:41 **** Auto Build of configuration Debug for project dma ****
make all 
Building file: ../src/axidma.c
Invoking: ARM Linux gcc compiler
arm-xilinx-linux-gnueabi-gcc -Wall -O0 -g3 -c -fmessage-length=0 -MT"src/axidma.o" -MMD -MP -MF"src/axidma.d" -MT"src/axidma.d" -o "src/axidma.o" "../src/axidma.c"
In file included from /opt/Xilinx/SDK/2015.3/gnu/arm/lin/arm-xilinx-linux-gnueabi/libc/usr/include/linux/dmaengine.h:8:0,
                 from ../src/axidma.c:10:
/opt/Xilinx/SDK/2015.3/gnu/arm/lin/arm-xilinx-linux-gnueabi/libc/usr/include/linux/bug.h:31:29: fatal error: asm-generic/bug.h: No such file or directory
 #include <asm-generic/bug.h>
                             ^
compilation terminated.
make: *** [src/axidma.o] エラー 1
11:12:43 **** Auto Build of configuration Debug for project dma ****
make all 
Building file: ../src/axidma.c
Invoking: ARM Linux gcc compiler
arm-xilinx-linux-gnueabi-gcc -Wall -O0 -g3 -c -fmessage-length=0 -MT"src/axidma.o" -MMD -MP -MF"src/axidma.d" -MT"src/axidma.d" -o "src/axidma.o" "../src/axidma.c"
In file included from /opt/Xilinx/SDK/2015.3/gnu/arm/lin/arm-xilinx-linux-gnueabi/libc/usr/include/linux/dmaengine.h:8:0,
                 from ../src/axidma.c:10:
/opt/Xilinx/SDK/2015.3/gnu/arm/lin/arm-xilinx-linux-gnueabi/libc/usr/include/linux/bug.h:31:29: fatal error: asm-generic/bug.h: No such file or directory
 #include <asm-generic/bug.h>
                             ^
compilation terminated.
make: *** [src/axidma.o] エラー 1
11:24:45 **** Auto Build of project device_tree_bsp_0 ****
make -k all 
make: `all' に対して行うべき事はありません.
11:25:25 **** Auto Build of configuration Debug for project dma ****
make all 
Building file: ../src/axidma.c
Invoking: ARM Linux gcc compiler
arm-xilinx-linux-gnueabi-gcc -Wall -O0 -g3 -c -fmessage-length=0 -MT"src/axidma.o" -MMD -MP -MF"src/axidma.d" -MT"src/axidma.d" -o "src/axidma.o" "../src/axidma.c"
In file included from ../src/axidma.c:10:0:
/opt/Xilinx/SDK/2015.3/gnu/arm/lin/arm-xilinx-linux-gnueabi/libc/usr/include/linux/dmaengine.h: In function 'dma_cookie_init':
/opt/Xilinx/SDK/2015.3/gnu/arm/lin/arm-xilinx-linux-gnueabi/libc/usr/include/linux/dmaengine.h:17:6: error: dereferencing pointer to incomplete type
  chan->cookie = DMA_MIN_COOKIE;
      ^
/opt/Xilinx/SDK/2015.3/gnu/arm/lin/arm-xilinx-linux-gnueabi/libc/usr/include/linux/dmaengine.h:17:17: error: 'DMA_MIN_COOKIE' undeclared (first use in this function)
  chan->cookie = DMA_MIN_COOKIE;
                 ^
/opt/Xilinx/SDK/2015.3/gnu/arm/lin/arm-xilinx-linux-gnueabi/libc/usr/include/linux/dmaengine.h:17:17: note: each undeclared identifier is reported only once for each function it appears in
/opt/Xilinx/SDK/2015.3/gnu/arm/lin/arm-xilinx-linux-gnueabi/libc/usr/include/linux/dmaengine.h:18:6: error: dereferencing pointer to incomplete type
  chan->completed_cookie = DMA_MIN_COOKIE;
      ^
/opt/Xilinx/SDK/2015.3/gnu/arm/lin/arm-xilinx-linux-gnueabi/libc/usr/include/linux/dmaengine.h: At top level:
/opt/Xilinx/SDK/2015.3/gnu/arm/lin/arm-xilinx-linux-gnueabi/libc/usr/include/linux/dmaengine.h:28:15: error: unknown type name 'dma_cookie_t'
 static inline dma_cookie_t dma_cookie_assign(struct dma_async_tx_descriptor *tx)
               ^
/opt/Xilinx/SDK/2015.3/gnu/arm/lin/arm-xilinx-linux-gnueabi/libc/usr/include/linux/dmaengine.h: In function 'dma_cookie_assign':
/opt/Xilinx/SDK/2015.3/gnu/arm/lin/arm-xilinx-linux-gnueabi/libc/usr/include/linux/dmaengine.h:30:28: error: dereferencing pointer to incomplete type
  struct dma_chan *chan = tx->chan;
                            ^
/opt/Xilinx/SDK/2015.3/gnu/arm/lin/arm-xilinx-linux-gnueabi/libc/usr/include/linux/dmaengine.h:31:2: error: unknown type name 'dma_cookie_t'
  dma_cookie_t cookie;
  ^
/opt/Xilinx/SDK/2015.3/gnu/arm/lin/arm-xilinx-linux-gnueabi/libc/usr/include/linux/dmaengine.h:33:15: error: dereferencing pointer to incomplete type
  cookie = chan->cookie + 1;
               ^
/opt/Xilinx/SDK/2015.3/gnu/arm/lin/arm-xilinx-linux-gnueabi/libc/usr/include/linux/dmaengine.h:34:15: error: 'DMA_MIN_COOKIE' undeclared (first use in this function)
  if (cookie < DMA_MIN_COOKIE)
               ^
/opt/Xilinx/SDK/2015.3/gnu/arm/lin/arm-xilinx-linux-gnueabi/libc/usr/include/linux/dmaengine.h:36:4: error: dereferencing pointer to incomplete type
  tx->cookie = chan->cookie = cookie;
    ^
/opt/Xilinx/SDK/2015.3/gnu/arm/lin/arm-xilinx-linux-gnueabi/libc/usr/include/linux/dmaengine.h:36:19: error: dereferencing pointer to incomplete type
  tx->cookie = chan->cookie = cookie;
                   ^
/opt/Xilinx/SDK/2015.3/gnu/arm/lin/arm-xilinx-linux-gnueabi/libc/usr/include/linux/dmaengine.h: In function 'dma_cookie_complete':
/opt/Xilinx/SDK/2015.3/gnu/arm/lin/arm-xilinx-linux-gnueabi/libc/usr/include/linux/dmaengine.h:53:11: error: dereferencing pointer to incomplete type
  BUG_ON(tx->cookie < DMA_MIN_COOKIE);
           ^
/opt/Xilinx/SDK/2015.3/gnu/arm/lin/arm-xilinx-linux-gnueabi/libc/usr/include/linux/dmaengine.h:53:22: error: 'DMA_MIN_COOKIE' undeclared (first use in this function)
  BUG_ON(tx->cookie < DMA_MIN_COOKIE);
                      ^
/opt/Xilinx/SDK/2015.3/gnu/arm/lin/arm-xilinx-linux-gnueabi/libc/usr/include/linux/dmaengine.h:54:4: error: dereferencing pointer to incomplete type
  tx->chan->completed_cookie = tx->cookie;
    ^
/opt/Xilinx/SDK/2015.3/gnu/arm/lin/arm-xilinx-linux-gnueabi/libc/usr/include/linux/dmaengine.h:54:33: error: dereferencing pointer to incomplete type
  tx->chan->completed_cookie = tx->cookie;
                                 ^
/opt/Xilinx/SDK/2015.3/gnu/arm/lin/arm-xilinx-linux-gnueabi/libc/usr/include/linux/dmaengine.h:55:4: error: dereferencing pointer to incomplete type
  tx->cookie = 0;
    ^
/opt/Xilinx/SDK/2015.3/gnu/arm/lin/arm-xilinx-linux-gnueabi/libc/usr/include/linux/dmaengine.h: At top level:
/opt/Xilinx/SDK/2015.3/gnu/arm/lin/arm-xilinx-linux-gnueabi/libc/usr/include/linux/dmaengine.h:68:2: error: unknown type name 'dma_cookie_t'
  dma_cookie_t cookie, struct dma_tx_state *state)
  ^
/opt/Xilinx/SDK/2015.3/gnu/arm/lin/arm-xilinx-linux-gnueabi/libc/usr/include/linux/dmaengine.h:83:64: error: unknown type name 'u32'
 static inline void dma_set_residue(struct dma_tx_state *state, u32 residue)
                                                                ^
In file included from ../src/axidma.c:11:0:
/opt/Xilinx/SDK/2015.3/gnu/arm/lin/arm-xilinx-linux-gnueabi/libc/usr/include/linux/module.h:15:32: fatal error: asm-generic/module.h: No such file or directory
 #include <asm-generic/module.h>
                                ^
compilation terminated.
make: *** [src/axidma.o] エラー 1
11:25:54 **** Auto Build of configuration Debug for project dma ****
make all 
Building file: ../src/axidma.c
Invoking: ARM Linux gcc compiler
arm-xilinx-linux-gnueabi-gcc -Wall -O0 -g3 -c -fmessage-length=0 -MT"src/axidma.o" -MMD -MP -MF"src/axidma.d" -MT"src/axidma.d" -o "src/axidma.o" "../src/axidma.c"
In file included from ../src/axidma.c:10:0:
/opt/Xilinx/SDK/2015.3/gnu/arm/lin/arm-xilinx-linux-gnueabi/libc/usr/include/linux/dmaengine.h: In function 'dma_cookie_init':
/opt/Xilinx/SDK/2015.3/gnu/arm/lin/arm-xilinx-linux-gnueabi/libc/usr/include/linux/dmaengine.h:17:6: error: dereferencing pointer to incomplete type
  chan->cookie = DMA_MIN_COOKIE;
      ^
/opt/Xilinx/SDK/2015.3/gnu/arm/lin/arm-xilinx-linux-gnueabi/libc/usr/include/linux/dmaengine.h:17:17: error: 'DMA_MIN_COOKIE' undeclared (first use in this function)
  chan->cookie = DMA_MIN_COOKIE;
                 ^
/opt/Xilinx/SDK/2015.3/gnu/arm/lin/arm-xilinx-linux-gnueabi/libc/usr/include/linux/dmaengine.h:17:17: note: each undeclared identifier is reported only once for each function it appears in
/opt/Xilinx/SDK/2015.3/gnu/arm/lin/arm-xilinx-linux-gnueabi/libc/usr/include/linux/dmaengine.h:18:6: error: dereferencing pointer to incomplete type
  chan->completed_cookie = DMA_MIN_COOKIE;
      ^
/opt/Xilinx/SDK/2015.3/gnu/arm/lin/arm-xilinx-linux-gnueabi/libc/usr/include/linux/dmaengine.h: At top level:
/opt/Xilinx/SDK/2015.3/gnu/arm/lin/arm-xilinx-linux-gnueabi/libc/usr/include/linux/dmaengine.h:28:15: error: unknown type name 'dma_cookie_t'
 static inline dma_cookie_t dma_cookie_assign(struct dma_async_tx_descriptor *tx)
               ^
/opt/Xilinx/SDK/2015.3/gnu/arm/lin/arm-xilinx-linux-gnueabi/libc/usr/include/linux/dmaengine.h: In function 'dma_cookie_assign':
/opt/Xilinx/SDK/2015.3/gnu/arm/lin/arm-xilinx-linux-gnueabi/libc/usr/include/linux/dmaengine.h:30:28: error: dereferencing pointer to incomplete type
  struct dma_chan *chan = tx->chan;
                            ^
/opt/Xilinx/SDK/2015.3/gnu/arm/lin/arm-xilinx-linux-gnueabi/libc/usr/include/linux/dmaengine.h:31:2: error: unknown type name 'dma_cookie_t'
  dma_cookie_t cookie;
  ^
/opt/Xilinx/SDK/2015.3/gnu/arm/lin/arm-xilinx-linux-gnueabi/libc/usr/include/linux/dmaengine.h:33:15: error: dereferencing pointer to incomplete type
  cookie = chan->cookie + 1;
               ^
/opt/Xilinx/SDK/2015.3/gnu/arm/lin/arm-xilinx-linux-gnueabi/libc/usr/include/linux/dmaengine.h:34:15: error: 'DMA_MIN_COOKIE' undeclared (first use in this function)
  if (cookie < DMA_MIN_COOKIE)
               ^
/opt/Xilinx/SDK/2015.3/gnu/arm/lin/arm-xilinx-linux-gnueabi/libc/usr/include/linux/dmaengine.h:36:4: error: dereferencing pointer to incomplete type
  tx->cookie = chan->cookie = cookie;
    ^
/opt/Xilinx/SDK/2015.3/gnu/arm/lin/arm-xilinx-linux-gnueabi/libc/usr/include/linux/dmaengine.h:36:19: error: dereferencing pointer to incomplete type
  tx->cookie = chan->cookie = cookie;
                   ^
/opt/Xilinx/SDK/2015.3/gnu/arm/lin/arm-xilinx-linux-gnueabi/libc/usr/include/linux/dmaengine.h: In function 'dma_cookie_complete':
/opt/Xilinx/SDK/2015.3/gnu/arm/lin/arm-xilinx-linux-gnueabi/libc/usr/include/linux/dmaengine.h:53:11: error: dereferencing pointer to incomplete type
  BUG_ON(tx->cookie < DMA_MIN_COOKIE);
           ^
/opt/Xilinx/SDK/2015.3/gnu/arm/lin/arm-xilinx-linux-gnueabi/libc/usr/include/linux/dmaengine.h:53:22: error: 'DMA_MIN_COOKIE' undeclared (first use in this function)
  BUG_ON(tx->cookie < DMA_MIN_COOKIE);
                      ^
/opt/Xilinx/SDK/2015.3/gnu/arm/lin/arm-xilinx-linux-gnueabi/libc/usr/include/linux/dmaengine.h:54:4: error: dereferencing pointer to incomplete type
  tx->chan->completed_cookie = tx->cookie;
    ^
/opt/Xilinx/SDK/2015.3/gnu/arm/lin/arm-xilinx-linux-gnueabi/libc/usr/include/linux/dmaengine.h:54:33: error: dereferencing pointer to incomplete type
  tx->chan->completed_cookie = tx->cookie;
                                 ^
/opt/Xilinx/SDK/2015.3/gnu/arm/lin/arm-xilinx-linux-gnueabi/libc/usr/include/linux/dmaengine.h:55:4: error: dereferencing pointer to incomplete type
  tx->cookie = 0;
    ^
/opt/Xilinx/SDK/2015.3/gnu/arm/lin/arm-xilinx-linux-gnueabi/libc/usr/include/linux/dmaengine.h: At top level:
/opt/Xilinx/SDK/2015.3/gnu/arm/lin/arm-xilinx-linux-gnueabi/libc/usr/include/linux/dmaengine.h:68:2: error: unknown type name 'dma_cookie_t'
  dma_cookie_t cookie, struct dma_tx_state *state)
  ^
/opt/Xilinx/SDK/2015.3/gnu/arm/lin/arm-xilinx-linux-gnueabi/libc/usr/include/linux/dmaengine.h:83:64: error: unknown type name 'u32'
 static inline void dma_set_residue(struct dma_tx_state *state, u32 residue)
                                                                ^
In file included from ../src/axidma.c:11:0:
/opt/Xilinx/SDK/2015.3/gnu/arm/lin/arm-xilinx-linux-gnueabi/libc/usr/include/linux/module.h:15:32: fatal error: asm-generic/module.h: No such file or directory
 #include <asm-generic/module.h>
                                ^
compilation terminated.
make: *** [src/axidma.o] エラー 1
11:35:09 **** Auto Build of project device_tree_bsp_0 ****
make -k all 
make: `all' に対して行うべき事はありません.
14:40:40 **** Auto Build of project device_tree_bsp_0 ****
make -k all 
make: `all' に対して行うべき事はありません.
11:24:26 **** Auto Build of project device_tree_bsp_0 ****
make -k all 
make: `all' に対して行うべき事はありません.
17:34:14 **** Auto Build of project device_tree_bsp_0 ****
make -k all 
make: `all' に対して行うべき事はありません.
16:35:40 **** Auto Build of project device_tree_bsp_0 ****
make -k all 
make: `all' に対して行うべき事はありません.
14:27:13 **** Auto Build of project device_tree_bsp_0 ****
make -k all 
make: `all' に対して行うべき事はありません.
15:44:39 **** Auto Build of configuration Debug for project anon_pr_app ****
make all 
Building file: ../src/main.c
Invoking: ARM gcc compiler
arm-xilinx-eabi-gcc -Wall -O0 -g3 -c -fmessage-length=0 -MT"src/main.o" -I../../anon_pr_app_bsp/ps7_cortexa9_0/include -MMD -MP -MF"src/main.d" -MT"src/main.d" -o "src/main.o" "../src/main.c"
In file included from ../../anon_pr_app_bsp/ps7_cortexa9_0/include/ffconf.h:12:0,
                 from ../../anon_pr_app_bsp/ps7_cortexa9_0/include/ff.h:26,
                 from ../src/main.c:17:
../../anon_pr_app_bsp/ps7_cortexa9_0/include/xparameters.h:28:33: warning: initialization makes pointer from integer without a cast
 #define XPAR_AXI_DMA_0_BASEADDR 0x40400000
                                 ^
../src/main.c:22:38: note: in expansion of macro 'XPAR_AXI_DMA_0_BASEADDR'
 volatile unsigned int* axi_dma     = XPAR_AXI_DMA_0_BASEADDR;
                                      ^
../../anon_pr_app_bsp/ps7_cortexa9_0/include/xparameters.h:255:39: warning: initialization makes pointer from integer without a cast
 #define XPAR_AXI_PR_DECOUPLE_BASEADDR 0x41200000
                                       ^
../src/main.c:23:42: note: in expansion of macro 'XPAR_AXI_PR_DECOUPLE_BASEADDR'
 volatile unsigned int* axi_pr_decouple = XPAR_AXI_PR_DECOUPLE_BASEADDR;
                                          ^
../src/main.c:54:38: warning: initialization makes pointer from integer without a cast
 volatile unsigned int *test_data   = 0x10100000;
                                      ^
../src/main.c:55:38: warning: initialization makes pointer from integer without a cast
 volatile unsigned int *masked_data = 0x10200000;
                                      ^
../src/main.c:56:38: warning: initialization makes pointer from integer without a cast
 volatile unsigned int *noised_data = 0x10300000;
                                      ^
../src/main.c:57:39: warning: initialization makes pointer from integer without a cast
 volatile unsigned int *microed_data = 0x10400000;
                                       ^
../src/main.c:58:39: warning: initialization makes pointer from integer without a cast
 volatile unsigned int *swapped_data = 0x10500000;
                                       ^
../src/main.c: In function 'XDcfg_TransferBitfile':
../src/main.c:103:2: error: unknown type name 'XTime'
  XTime reconf_time;
  ^
../src/main.c:103:8: warning: unused variable 'reconf_time' [-Wunused-variable]
  XTime reconf_time;
        ^
../src/main.c: In function 'main':
../src/main.c:289:63: warning: assignment makes integer from pointer without a cast
    axi_dma[(XAXIDMA_TX_OFFSET + XAXIDMA_SRCADDR_OFFSET) >> 2] = test_data;
                                                               ^
../src/main.c:294:64: warning: assignment makes integer from pointer without a cast
    axi_dma[(XAXIDMA_RX_OFFSET + XAXIDMA_DESTADDR_OFFSET) >> 2] = masked_data;
                                                                ^
../src/main.c:307:66: warning: assignment makes integer from pointer without a cast
       axi_dma[(XAXIDMA_TX_OFFSET + XAXIDMA_SRCADDR_OFFSET) >> 2] = test_data;
                                                                  ^
../src/main.c:312:67: warning: assignment makes integer from pointer without a cast
       axi_dma[(XAXIDMA_RX_OFFSET + XAXIDMA_DESTADDR_OFFSET) >> 2] = noised_data;
                                                                   ^
../src/main.c:324:66: warning: assignment makes integer from pointer without a cast
       axi_dma[(XAXIDMA_TX_OFFSET + XAXIDMA_SRCADDR_OFFSET) >> 2] = test_data;
                                                                  ^
../src/main.c:329:67: warning: assignment makes integer from pointer without a cast
       axi_dma[(XAXIDMA_RX_OFFSET + XAXIDMA_DESTADDR_OFFSET) >> 2] = swapped_data;
                                                                   ^
../src/main.c:341:66: warning: assignment makes integer from pointer without a cast
       axi_dma[(XAXIDMA_TX_OFFSET + XAXIDMA_SRCADDR_OFFSET) >> 2] = test_data;
                                                                  ^
../src/main.c:346:67: warning: assignment makes integer from pointer without a cast
       axi_dma[(XAXIDMA_RX_OFFSET + XAXIDMA_DESTADDR_OFFSET) >> 2] = microed_data;
                                                                   ^
make: *** [src/main.o] エラー 1
15:45:02 **** Auto Build of configuration Debug for project anon_pr_app ****
make all 
Building file: ../src/main.c
Invoking: ARM gcc compiler
arm-xilinx-eabi-gcc -Wall -O0 -g3 -c -fmessage-length=0 -MT"src/main.o" -I../../anon_pr_app_bsp/ps7_cortexa9_0/include -MMD -MP -MF"src/main.d" -MT"src/main.d" -o "src/main.o" "../src/main.c"
In file included from ../../anon_pr_app_bsp/ps7_cortexa9_0/include/xtime_l.h:61:0,
                 from ../src/main.c:20:
../../anon_pr_app_bsp/ps7_cortexa9_0/include/xparameters.h:28:33: warning: initialization makes pointer from integer without a cast
 #define XPAR_AXI_DMA_0_BASEADDR 0x40400000
                                 ^
../src/main.c:23:38: note: in expansion of macro 'XPAR_AXI_DMA_0_BASEADDR'
 volatile unsigned int* axi_dma     = XPAR_AXI_DMA_0_BASEADDR;
                                      ^
../../anon_pr_app_bsp/ps7_cortexa9_0/include/xparameters.h:255:39: warning: initialization makes pointer from integer without a cast
 #define XPAR_AXI_PR_DECOUPLE_BASEADDR 0x41200000
                                       ^
../src/main.c:24:42: note: in expansion of macro 'XPAR_AXI_PR_DECOUPLE_BASEADDR'
 volatile unsigned int* axi_pr_decouple = XPAR_AXI_PR_DECOUPLE_BASEADDR;
                                          ^
../src/main.c:55:38: warning: initialization makes pointer from integer without a cast
 volatile unsigned int *test_data   = 0x10100000;
                                      ^
../src/main.c:56:38: warning: initialization makes pointer from integer without a cast
 volatile unsigned int *masked_data = 0x10200000;
                                      ^
../src/main.c:57:38: warning: initialization makes pointer from integer without a cast
 volatile unsigned int *noised_data = 0x10300000;
                                      ^
../src/main.c:58:39: warning: initialization makes pointer from integer without a cast
 volatile unsigned int *microed_data = 0x10400000;
                                       ^
../src/main.c:59:39: warning: initialization makes pointer from integer without a cast
 volatile unsigned int *swapped_data = 0x10500000;
                                       ^
../src/main.c: In function 'XDcfg_TransferBitfile':
../src/main.c:104:8: warning: unused variable 'reconf_time' [-Wunused-variable]
  XTime reconf_time;
        ^
../src/main.c: In function 'main':
../src/main.c:290:63: warning: assignment makes integer from pointer without a cast
    axi_dma[(XAXIDMA_TX_OFFSET + XAXIDMA_SRCADDR_OFFSET) >> 2] = test_data;
                                                               ^
../src/main.c:295:64: warning: assignment makes integer from pointer without a cast
    axi_dma[(XAXIDMA_RX_OFFSET + XAXIDMA_DESTADDR_OFFSET) >> 2] = masked_data;
                                                                ^
../src/main.c:308:66: warning: assignment makes integer from pointer without a cast
       axi_dma[(XAXIDMA_TX_OFFSET + XAXIDMA_SRCADDR_OFFSET) >> 2] = test_data;
                                                                  ^
../src/main.c:313:67: warning: assignment makes integer from pointer without a cast
       axi_dma[(XAXIDMA_RX_OFFSET + XAXIDMA_DESTADDR_OFFSET) >> 2] = noised_data;
                                                                   ^
../src/main.c:325:66: warning: assignment makes integer from pointer without a cast
       axi_dma[(XAXIDMA_TX_OFFSET + XAXIDMA_SRCADDR_OFFSET) >> 2] = test_data;
                                                                  ^
../src/main.c:330:67: warning: assignment makes integer from pointer without a cast
       axi_dma[(XAXIDMA_RX_OFFSET + XAXIDMA_DESTADDR_OFFSET) >> 2] = swapped_data;
                                                                   ^
../src/main.c:342:66: warning: assignment makes integer from pointer without a cast
       axi_dma[(XAXIDMA_TX_OFFSET + XAXIDMA_SRCADDR_OFFSET) >> 2] = test_data;
                                                                  ^
../src/main.c:347:67: warning: assignment makes integer from pointer without a cast
       axi_dma[(XAXIDMA_RX_OFFSET + XAXIDMA_DESTADDR_OFFSET) >> 2] = microed_data;
                                                                   ^
Finished building: ../src/main.c
 
Building target: anon_pr_app.elf
Invoking: ARM gcc linker
arm-xilinx-eabi-gcc -Wl,-T -Wl,../src/lscript.ld -L../../anon_pr_app_bsp/ps7_cortexa9_0/lib -o "anon_pr_app.elf"  ./src/main.o   -Wl,--start-group,-lxil,-lgcc,-lc,--end-group -Wl,--start-group,-lxilffs,-lxil,-lgcc,-lc,--end-group
Finished building target: anon_pr_app.elf
 
Invoking: ARM Print Size
arm-xilinx-eabi-size anon_pr_app.elf  |tee "anon_pr_app.elf.size"
   text	   data	    bss	    dec	    hex	filename
  65376	   2268	  25312	  92956	  16b1c	anon_pr_app.elf
Finished building: anon_pr_app.elf.size
 
15:45:16 **** Auto Build of configuration Debug for project anon_pr_app ****
make all 
Building file: ../src/main.c
Invoking: ARM gcc compiler
arm-xilinx-eabi-gcc -Wall -O0 -g3 -c -fmessage-length=0 -MT"src/main.o" -I../../anon_pr_app_bsp/ps7_cortexa9_0/include -MMD -MP -MF"src/main.d" -MT"src/main.d" -o "src/main.o" "../src/main.c"
In file included from ../../anon_pr_app_bsp/ps7_cortexa9_0/include/xtime_l.h:61:0,
                 from ../src/main.c:20:
../../anon_pr_app_bsp/ps7_cortexa9_0/include/xparameters.h:28:33: warning: initialization makes pointer from integer without a cast
 #define XPAR_AXI_DMA_0_BASEADDR 0x40400000
                                 ^
../src/main.c:23:38: note: in expansion of macro 'XPAR_AXI_DMA_0_BASEADDR'
 volatile unsigned int* axi_dma     = XPAR_AXI_DMA_0_BASEADDR;
                                      ^
../../anon_pr_app_bsp/ps7_cortexa9_0/include/xparameters.h:255:39: warning: initialization makes pointer from integer without a cast
 #define XPAR_AXI_PR_DECOUPLE_BASEADDR 0x41200000
                                       ^
../src/main.c:24:42: note: in expansion of macro 'XPAR_AXI_PR_DECOUPLE_BASEADDR'
 volatile unsigned int* axi_pr_decouple = XPAR_AXI_PR_DECOUPLE_BASEADDR;
                                          ^
../src/main.c:55:38: warning: initialization makes pointer from integer without a cast
 volatile unsigned int *test_data   = 0x10100000;
                                      ^
../src/main.c:56:38: warning: initialization makes pointer from integer without a cast
 volatile unsigned int *masked_data = 0x10200000;
                                      ^
../src/main.c:57:38: warning: initialization makes pointer from integer without a cast
 volatile unsigned int *noised_data = 0x10300000;
                                      ^
../src/main.c:58:39: warning: initialization makes pointer from integer without a cast
 volatile unsigned int *microed_data = 0x10400000;
                                       ^
../src/main.c:59:39: warning: initialization makes pointer from integer without a cast
 volatile unsigned int *swapped_data = 0x10500000;
                                       ^
../src/main.c: In function 'XDcfg_TransferBitfile':
../src/main.c:104:8: warning: unused variable 'reconf_time' [-Wunused-variable]
  XTime reconf_time = 0;
        ^
../src/main.c: In function 'main':
../src/main.c:290:63: warning: assignment makes integer from pointer without a cast
    axi_dma[(XAXIDMA_TX_OFFSET + XAXIDMA_SRCADDR_OFFSET) >> 2] = test_data;
                                                               ^
../src/main.c:295:64: warning: assignment makes integer from pointer without a cast
    axi_dma[(XAXIDMA_RX_OFFSET + XAXIDMA_DESTADDR_OFFSET) >> 2] = masked_data;
                                                                ^
../src/main.c:308:66: warning: assignment makes integer from pointer without a cast
       axi_dma[(XAXIDMA_TX_OFFSET + XAXIDMA_SRCADDR_OFFSET) >> 2] = test_data;
                                                                  ^
../src/main.c:313:67: warning: assignment makes integer from pointer without a cast
       axi_dma[(XAXIDMA_RX_OFFSET + XAXIDMA_DESTADDR_OFFSET) >> 2] = noised_data;
                                                                   ^
../src/main.c:325:66: warning: assignment makes integer from pointer without a cast
       axi_dma[(XAXIDMA_TX_OFFSET + XAXIDMA_SRCADDR_OFFSET) >> 2] = test_data;
                                                                  ^
../src/main.c:330:67: warning: assignment makes integer from pointer without a cast
       axi_dma[(XAXIDMA_RX_OFFSET + XAXIDMA_DESTADDR_OFFSET) >> 2] = swapped_data;
                                                                   ^
../src/main.c:342:66: warning: assignment makes integer from pointer without a cast
       axi_dma[(XAXIDMA_TX_OFFSET + XAXIDMA_SRCADDR_OFFSET) >> 2] = test_data;
                                                                  ^
../src/main.c:347:67: warning: assignment makes integer from pointer without a cast
       axi_dma[(XAXIDMA_RX_OFFSET + XAXIDMA_DESTADDR_OFFSET) >> 2] = microed_data;
                                                                   ^
Finished building: ../src/main.c
 
Building target: anon_pr_app.elf
Invoking: ARM gcc linker
arm-xilinx-eabi-gcc -Wl,-T -Wl,../src/lscript.ld -L../../anon_pr_app_bsp/ps7_cortexa9_0/lib -o "anon_pr_app.elf"  ./src/main.o   -Wl,--start-group,-lxil,-lgcc,-lc,--end-group -Wl,--start-group,-lxilffs,-lxil,-lgcc,-lc,--end-group
Finished building target: anon_pr_app.elf
 
Invoking: ARM Print Size
arm-xilinx-eabi-size anon_pr_app.elf  |tee "anon_pr_app.elf.size"
   text	   data	    bss	    dec	    hex	filename
  65376	   2268	  25312	  92956	  16b1c	anon_pr_app.elf
Finished building: anon_pr_app.elf.size
 
15:46:21 **** Auto Build of configuration Debug for project anon_pr_app ****
make all 
Building file: ../src/main.c
Invoking: ARM gcc compiler
arm-xilinx-eabi-gcc -Wall -O0 -g3 -c -fmessage-length=0 -MT"src/main.o" -I../../anon_pr_app_bsp/ps7_cortexa9_0/include -MMD -MP -MF"src/main.d" -MT"src/main.d" -o "src/main.o" "../src/main.c"
In file included from ../../anon_pr_app_bsp/ps7_cortexa9_0/include/xtime_l.h:61:0,
                 from ../src/main.c:20:
../../anon_pr_app_bsp/ps7_cortexa9_0/include/xparameters.h:28:33: warning: initialization makes pointer from integer without a cast
 #define XPAR_AXI_DMA_0_BASEADDR 0x40400000
                                 ^
../src/main.c:23:38: note: in expansion of macro 'XPAR_AXI_DMA_0_BASEADDR'
 volatile unsigned int* axi_dma     = XPAR_AXI_DMA_0_BASEADDR;
                                      ^
../../anon_pr_app_bsp/ps7_cortexa9_0/include/xparameters.h:255:39: warning: initialization makes pointer from integer without a cast
 #define XPAR_AXI_PR_DECOUPLE_BASEADDR 0x41200000
                                       ^
../src/main.c:24:42: note: in expansion of macro 'XPAR_AXI_PR_DECOUPLE_BASEADDR'
 volatile unsigned int* axi_pr_decouple = XPAR_AXI_PR_DECOUPLE_BASEADDR;
                                          ^
../src/main.c:55:38: warning: initialization makes pointer from integer without a cast
 volatile unsigned int *test_data   = 0x10100000;
                                      ^
../src/main.c:56:38: warning: initialization makes pointer from integer without a cast
 volatile unsigned int *masked_data = 0x10200000;
                                      ^
../src/main.c:57:38: warning: initialization makes pointer from integer without a cast
 volatile unsigned int *noised_data = 0x10300000;
                                      ^
../src/main.c:58:39: warning: initialization makes pointer from integer without a cast
 volatile unsigned int *microed_data = 0x10400000;
                                       ^
../src/main.c:59:39: warning: initialization makes pointer from integer without a cast
 volatile unsigned int *swapped_data = 0x10500000;
                                       ^
../src/main.c: In function 'main':
../src/main.c:292:63: warning: assignment makes integer from pointer without a cast
    axi_dma[(XAXIDMA_TX_OFFSET + XAXIDMA_SRCADDR_OFFSET) >> 2] = test_data;
                                                               ^
../src/main.c:297:64: warning: assignment makes integer from pointer without a cast
    axi_dma[(XAXIDMA_RX_OFFSET + XAXIDMA_DESTADDR_OFFSET) >> 2] = masked_data;
                                                                ^
../src/main.c:310:66: warning: assignment makes integer from pointer without a cast
       axi_dma[(XAXIDMA_TX_OFFSET + XAXIDMA_SRCADDR_OFFSET) >> 2] = test_data;
                                                                  ^
../src/main.c:315:67: warning: assignment makes integer from pointer without a cast
       axi_dma[(XAXIDMA_RX_OFFSET + XAXIDMA_DESTADDR_OFFSET) >> 2] = noised_data;
                                                                   ^
../src/main.c:327:66: warning: assignment makes integer from pointer without a cast
       axi_dma[(XAXIDMA_TX_OFFSET + XAXIDMA_SRCADDR_OFFSET) >> 2] = test_data;
                                                                  ^
../src/main.c:332:67: warning: assignment makes integer from pointer without a cast
       axi_dma[(XAXIDMA_RX_OFFSET + XAXIDMA_DESTADDR_OFFSET) >> 2] = swapped_data;
                                                                   ^
../src/main.c:344:66: warning: assignment makes integer from pointer without a cast
       axi_dma[(XAXIDMA_TX_OFFSET + XAXIDMA_SRCADDR_OFFSET) >> 2] = test_data;
                                                                  ^
../src/main.c:349:67: warning: assignment makes integer from pointer without a cast
       axi_dma[(XAXIDMA_RX_OFFSET + XAXIDMA_DESTADDR_OFFSET) >> 2] = microed_data;
                                                                   ^
Finished building: ../src/main.c
 
Building target: anon_pr_app.elf
Invoking: ARM gcc linker
arm-xilinx-eabi-gcc -Wl,-T -Wl,../src/lscript.ld -L../../anon_pr_app_bsp/ps7_cortexa9_0/lib -o "anon_pr_app.elf"  ./src/main.o   -Wl,--start-group,-lxil,-lgcc,-lc,--end-group -Wl,--start-group,-lxilffs,-lxil,-lgcc,-lc,--end-group
Finished building target: anon_pr_app.elf
 
Invoking: ARM Print Size
arm-xilinx-eabi-size anon_pr_app.elf  |tee "anon_pr_app.elf.size"
   text	   data	    bss	    dec	    hex	filename
  65440	   2268	  25312	  93020	  16b5c	anon_pr_app.elf
Finished building: anon_pr_app.elf.size
 
15:46:39 **** Auto Build of configuration Debug for project anon_pr_app ****
make all 
Building file: ../src/main.c
Invoking: ARM gcc compiler
arm-xilinx-eabi-gcc -Wall -O0 -g3 -c -fmessage-length=0 -MT"src/main.o" -I../../anon_pr_app_bsp/ps7_cortexa9_0/include -MMD -MP -MF"src/main.d" -MT"src/main.d" -o "src/main.o" "../src/main.c"
In file included from ../../anon_pr_app_bsp/ps7_cortexa9_0/include/xtime_l.h:61:0,
                 from ../src/main.c:20:
../../anon_pr_app_bsp/ps7_cortexa9_0/include/xparameters.h:28:33: warning: initialization makes pointer from integer without a cast
 #define XPAR_AXI_DMA_0_BASEADDR 0x40400000
                                 ^
../src/main.c:23:38: note: in expansion of macro 'XPAR_AXI_DMA_0_BASEADDR'
 volatile unsigned int* axi_dma     = XPAR_AXI_DMA_0_BASEADDR;
                                      ^
../../anon_pr_app_bsp/ps7_cortexa9_0/include/xparameters.h:255:39: warning: initialization makes pointer from integer without a cast
 #define XPAR_AXI_PR_DECOUPLE_BASEADDR 0x41200000
                                       ^
../src/main.c:24:42: note: in expansion of macro 'XPAR_AXI_PR_DECOUPLE_BASEADDR'
 volatile unsigned int* axi_pr_decouple = XPAR_AXI_PR_DECOUPLE_BASEADDR;
                                          ^
../src/main.c:55:38: warning: initialization makes pointer from integer without a cast
 volatile unsigned int *test_data   = 0x10100000;
                                      ^
../src/main.c:56:38: warning: initialization makes pointer from integer without a cast
 volatile unsigned int *masked_data = 0x10200000;
                                      ^
../src/main.c:57:38: warning: initialization makes pointer from integer without a cast
 volatile unsigned int *noised_data = 0x10300000;
                                      ^
../src/main.c:58:39: warning: initialization makes pointer from integer without a cast
 volatile unsigned int *microed_data = 0x10400000;
                                       ^
../src/main.c:59:39: warning: initialization makes pointer from integer without a cast
 volatile unsigned int *swapped_data = 0x10500000;
                                       ^
../src/main.c: In function 'main':
../src/main.c:293:63: warning: assignment makes integer from pointer without a cast
    axi_dma[(XAXIDMA_TX_OFFSET + XAXIDMA_SRCADDR_OFFSET) >> 2] = test_data;
                                                               ^
../src/main.c:298:64: warning: assignment makes integer from pointer without a cast
    axi_dma[(XAXIDMA_RX_OFFSET + XAXIDMA_DESTADDR_OFFSET) >> 2] = masked_data;
                                                                ^
../src/main.c:311:66: warning: assignment makes integer from pointer without a cast
       axi_dma[(XAXIDMA_TX_OFFSET + XAXIDMA_SRCADDR_OFFSET) >> 2] = test_data;
                                                                  ^
../src/main.c:316:67: warning: assignment makes integer from pointer without a cast
       axi_dma[(XAXIDMA_RX_OFFSET + XAXIDMA_DESTADDR_OFFSET) >> 2] = noised_data;
                                                                   ^
../src/main.c:328:66: warning: assignment makes integer from pointer without a cast
       axi_dma[(XAXIDMA_TX_OFFSET + XAXIDMA_SRCADDR_OFFSET) >> 2] = test_data;
                                                                  ^
../src/main.c:333:67: warning: assignment makes integer from pointer without a cast
       axi_dma[(XAXIDMA_RX_OFFSET + XAXIDMA_DESTADDR_OFFSET) >> 2] = swapped_data;
                                                                   ^
../src/main.c:345:66: warning: assignment makes integer from pointer without a cast
       axi_dma[(XAXIDMA_TX_OFFSET + XAXIDMA_SRCADDR_OFFSET) >> 2] = test_data;
                                                                  ^
../src/main.c:350:67: warning: assignment makes integer from pointer without a cast
       axi_dma[(XAXIDMA_RX_OFFSET + XAXIDMA_DESTADDR_OFFSET) >> 2] = microed_data;
                                                                   ^
Finished building: ../src/main.c
 
Building target: anon_pr_app.elf
Invoking: ARM gcc linker
arm-xilinx-eabi-gcc -Wl,-T -Wl,../src/lscript.ld -L../../anon_pr_app_bsp/ps7_cortexa9_0/lib -o "anon_pr_app.elf"  ./src/main.o   -Wl,--start-group,-lxil,-lgcc,-lc,--end-group -Wl,--start-group,-lxilffs,-lxil,-lgcc,-lc,--end-group
Finished building target: anon_pr_app.elf
 
Invoking: ARM Print Size
arm-xilinx-eabi-size anon_pr_app.elf  |tee "anon_pr_app.elf.size"
   text	   data	    bss	    dec	    hex	filename
  65440	   2268	  25312	  93020	  16b5c	anon_pr_app.elf
Finished building: anon_pr_app.elf.size
 
15:48:14 **** Auto Build of configuration Debug for project anon_pr_app ****
make all 
Building file: ../src/main.c
Invoking: ARM gcc compiler
arm-xilinx-eabi-gcc -Wall -O0 -g3 -c -fmessage-length=0 -MT"src/main.o" -I../../anon_pr_app_bsp/ps7_cortexa9_0/include -MMD -MP -MF"src/main.d" -MT"src/main.d" -o "src/main.o" "../src/main.c"
In file included from ../../anon_pr_app_bsp/ps7_cortexa9_0/include/xtime_l.h:61:0,
                 from ../src/main.c:20:
../../anon_pr_app_bsp/ps7_cortexa9_0/include/xparameters.h:28:33: warning: initialization makes pointer from integer without a cast
 #define XPAR_AXI_DMA_0_BASEADDR 0x40400000
                                 ^
../src/main.c:23:38: note: in expansion of macro 'XPAR_AXI_DMA_0_BASEADDR'
 volatile unsigned int* axi_dma     = XPAR_AXI_DMA_0_BASEADDR;
                                      ^
../../anon_pr_app_bsp/ps7_cortexa9_0/include/xparameters.h:255:39: warning: initialization makes pointer from integer without a cast
 #define XPAR_AXI_PR_DECOUPLE_BASEADDR 0x41200000
                                       ^
../src/main.c:24:42: note: in expansion of macro 'XPAR_AXI_PR_DECOUPLE_BASEADDR'
 volatile unsigned int* axi_pr_decouple = XPAR_AXI_PR_DECOUPLE_BASEADDR;
                                          ^
../src/main.c:55:38: warning: initialization makes pointer from integer without a cast
 volatile unsigned int *test_data   = 0x10100000;
                                      ^
../src/main.c:56:38: warning: initialization makes pointer from integer without a cast
 volatile unsigned int *masked_data = 0x10200000;
                                      ^
../src/main.c:57:38: warning: initialization makes pointer from integer without a cast
 volatile unsigned int *noised_data = 0x10300000;
                                      ^
../src/main.c:58:39: warning: initialization makes pointer from integer without a cast
 volatile unsigned int *microed_data = 0x10400000;
                                       ^
../src/main.c:59:39: warning: initialization makes pointer from integer without a cast
 volatile unsigned int *swapped_data = 0x10500000;
                                       ^
../src/main.c: In function 'XDcfg_TransferBitfile':
../src/main.c:132:16: warning: passing argument 1 of 'XTime_GetTime' makes pointer from integer without a cast
  XTime_GetTime(reconf_time);
                ^
In file included from ../src/main.c:20:0:
../../anon_pr_app_bsp/ps7_cortexa9_0/include/xtime_l.h:83:6: note: expected 'XTime *' but argument is of type 'XTime'
 void XTime_GetTime(XTime *Xtime_Global);
      ^
../src/main.c: In function 'main':
../src/main.c:296:63: warning: assignment makes integer from pointer without a cast
    axi_dma[(XAXIDMA_TX_OFFSET + XAXIDMA_SRCADDR_OFFSET) >> 2] = test_data;
                                                               ^
../src/main.c:301:64: warning: assignment makes integer from pointer without a cast
    axi_dma[(XAXIDMA_RX_OFFSET + XAXIDMA_DESTADDR_OFFSET) >> 2] = masked_data;
                                                                ^
../src/main.c:314:66: warning: assignment makes integer from pointer without a cast
       axi_dma[(XAXIDMA_TX_OFFSET + XAXIDMA_SRCADDR_OFFSET) >> 2] = test_data;
                                                                  ^
../src/main.c:319:67: warning: assignment makes integer from pointer without a cast
       axi_dma[(XAXIDMA_RX_OFFSET + XAXIDMA_DESTADDR_OFFSET) >> 2] = noised_data;
                                                                   ^
../src/main.c:331:66: warning: assignment makes integer from pointer without a cast
       axi_dma[(XAXIDMA_TX_OFFSET + XAXIDMA_SRCADDR_OFFSET) >> 2] = test_data;
                                                                  ^
../src/main.c:336:67: warning: assignment makes integer from pointer without a cast
       axi_dma[(XAXIDMA_RX_OFFSET + XAXIDMA_DESTADDR_OFFSET) >> 2] = swapped_data;
                                                                   ^
../src/main.c:348:66: warning: assignment makes integer from pointer without a cast
       axi_dma[(XAXIDMA_TX_OFFSET + XAXIDMA_SRCADDR_OFFSET) >> 2] = test_data;
                                                                  ^
../src/main.c:353:67: warning: assignment makes integer from pointer without a cast
       axi_dma[(XAXIDMA_RX_OFFSET + XAXIDMA_DESTADDR_OFFSET) >> 2] = microed_data;
                                                                   ^
Finished building: ../src/main.c
 
Building target: anon_pr_app.elf
Invoking: ARM gcc linker
arm-xilinx-eabi-gcc -Wl,-T -Wl,../src/lscript.ld -L../../anon_pr_app_bsp/ps7_cortexa9_0/lib -o "anon_pr_app.elf"  ./src/main.o   -Wl,--start-group,-lxil,-lgcc,-lc,--end-group -Wl,--start-group,-lxilffs,-lxil,-lgcc,-lc,--end-group
Finished building target: anon_pr_app.elf
 
Invoking: ARM Print Size
arm-xilinx-eabi-size anon_pr_app.elf  |tee "anon_pr_app.elf.size"
   text	   data	    bss	    dec	    hex	filename
  65440	   2268	  25312	  93020	  16b5c	anon_pr_app.elf
Finished building: anon_pr_app.elf.size
 
15:48:41 **** Auto Build of configuration Debug for project anon_pr_app ****
make all 
Building file: ../src/main.c
Invoking: ARM gcc compiler
arm-xilinx-eabi-gcc -Wall -O0 -g3 -c -fmessage-length=0 -MT"src/main.o" -I../../anon_pr_app_bsp/ps7_cortexa9_0/include -MMD -MP -MF"src/main.d" -MT"src/main.d" -o "src/main.o" "../src/main.c"
In file included from ../../anon_pr_app_bsp/ps7_cortexa9_0/include/xtime_l.h:61:0,
                 from ../src/main.c:20:
../../anon_pr_app_bsp/ps7_cortexa9_0/include/xparameters.h:28:33: warning: initialization makes pointer from integer without a cast
 #define XPAR_AXI_DMA_0_BASEADDR 0x40400000
                                 ^
../src/main.c:23:38: note: in expansion of macro 'XPAR_AXI_DMA_0_BASEADDR'
 volatile unsigned int* axi_dma     = XPAR_AXI_DMA_0_BASEADDR;
                                      ^
../../anon_pr_app_bsp/ps7_cortexa9_0/include/xparameters.h:255:39: warning: initialization makes pointer from integer without a cast
 #define XPAR_AXI_PR_DECOUPLE_BASEADDR 0x41200000
                                       ^
../src/main.c:24:42: note: in expansion of macro 'XPAR_AXI_PR_DECOUPLE_BASEADDR'
 volatile unsigned int* axi_pr_decouple = XPAR_AXI_PR_DECOUPLE_BASEADDR;
                                          ^
../src/main.c:55:38: warning: initialization makes pointer from integer without a cast
 volatile unsigned int *test_data   = 0x10100000;
                                      ^
../src/main.c:56:38: warning: initialization makes pointer from integer without a cast
 volatile unsigned int *masked_data = 0x10200000;
                                      ^
../src/main.c:57:38: warning: initialization makes pointer from integer without a cast
 volatile unsigned int *noised_data = 0x10300000;
                                      ^
../src/main.c:58:39: warning: initialization makes pointer from integer without a cast
 volatile unsigned int *microed_data = 0x10400000;
                                       ^
../src/main.c:59:39: warning: initialization makes pointer from integer without a cast
 volatile unsigned int *swapped_data = 0x10500000;
                                       ^
../src/main.c: In function 'XDcfg_TransferBitfile':
../src/main.c:132:16: warning: passing argument 1 of 'XTime_GetTime' makes pointer from integer without a cast
  XTime_GetTime(reconf_time);
                ^
In file included from ../src/main.c:20:0:
../../anon_pr_app_bsp/ps7_cortexa9_0/include/xtime_l.h:83:6: note: expected 'XTime *' but argument is of type 'XTime'
 void XTime_GetTime(XTime *Xtime_Global);
      ^
../src/main.c: In function 'main':
../src/main.c:297:63: warning: assignment makes integer from pointer without a cast
    axi_dma[(XAXIDMA_TX_OFFSET + XAXIDMA_SRCADDR_OFFSET) >> 2] = test_data;
                                                               ^
../src/main.c:302:64: warning: assignment makes integer from pointer without a cast
    axi_dma[(XAXIDMA_RX_OFFSET + XAXIDMA_DESTADDR_OFFSET) >> 2] = masked_data;
                                                                ^
../src/main.c:315:66: warning: assignment makes integer from pointer without a cast
       axi_dma[(XAXIDMA_TX_OFFSET + XAXIDMA_SRCADDR_OFFSET) >> 2] = test_data;
                                                                  ^
../src/main.c:320:67: warning: assignment makes integer from pointer without a cast
       axi_dma[(XAXIDMA_RX_OFFSET + XAXIDMA_DESTADDR_OFFSET) >> 2] = noised_data;
                                                                   ^
../src/main.c:332:66: warning: assignment makes integer from pointer without a cast
       axi_dma[(XAXIDMA_TX_OFFSET + XAXIDMA_SRCADDR_OFFSET) >> 2] = test_data;
                                                                  ^
../src/main.c:337:67: warning: assignment makes integer from pointer without a cast
       axi_dma[(XAXIDMA_RX_OFFSET + XAXIDMA_DESTADDR_OFFSET) >> 2] = swapped_data;
                                                                   ^
../src/main.c:349:66: warning: assignment makes integer from pointer without a cast
       axi_dma[(XAXIDMA_TX_OFFSET + XAXIDMA_SRCADDR_OFFSET) >> 2] = test_data;
                                                                  ^
../src/main.c:354:67: warning: assignment makes integer from pointer without a cast
       axi_dma[(XAXIDMA_RX_OFFSET + XAXIDMA_DESTADDR_OFFSET) >> 2] = microed_data;
                                                                   ^
Finished building: ../src/main.c
 
Building target: anon_pr_app.elf
Invoking: ARM gcc linker
arm-xilinx-eabi-gcc -Wl,-T -Wl,../src/lscript.ld -L../../anon_pr_app_bsp/ps7_cortexa9_0/lib -o "anon_pr_app.elf"  ./src/main.o   -Wl,--start-group,-lxil,-lgcc,-lc,--end-group -Wl,--start-group,-lxilffs,-lxil,-lgcc,-lc,--end-group
Finished building target: anon_pr_app.elf
 
Invoking: ARM Print Size
arm-xilinx-eabi-size anon_pr_app.elf  |tee "anon_pr_app.elf.size"
   text	   data	    bss	    dec	    hex	filename
  65472	   2268	  25312	  93052	  16b7c	anon_pr_app.elf
Finished building: anon_pr_app.elf.size
 
15:49:18 **** Auto Build of configuration Debug for project anon_pr_app ****
make all 
Building file: ../src/main.c
Invoking: ARM gcc compiler
arm-xilinx-eabi-gcc -Wall -O0 -g3 -c -fmessage-length=0 -MT"src/main.o" -I../../anon_pr_app_bsp/ps7_cortexa9_0/include -MMD -MP -MF"src/main.d" -MT"src/main.d" -o "src/main.o" "../src/main.c"
In file included from ../../anon_pr_app_bsp/ps7_cortexa9_0/include/xtime_l.h:61:0,
                 from ../src/main.c:20:
../../anon_pr_app_bsp/ps7_cortexa9_0/include/xparameters.h:28:33: warning: initialization makes pointer from integer without a cast
 #define XPAR_AXI_DMA_0_BASEADDR 0x40400000
                                 ^
../src/main.c:23:38: note: in expansion of macro 'XPAR_AXI_DMA_0_BASEADDR'
 volatile unsigned int* axi_dma     = XPAR_AXI_DMA_0_BASEADDR;
                                      ^
../../anon_pr_app_bsp/ps7_cortexa9_0/include/xparameters.h:255:39: warning: initialization makes pointer from integer without a cast
 #define XPAR_AXI_PR_DECOUPLE_BASEADDR 0x41200000
                                       ^
../src/main.c:24:42: note: in expansion of macro 'XPAR_AXI_PR_DECOUPLE_BASEADDR'
 volatile unsigned int* axi_pr_decouple = XPAR_AXI_PR_DECOUPLE_BASEADDR;
                                          ^
../src/main.c:55:38: warning: initialization makes pointer from integer without a cast
 volatile unsigned int *test_data   = 0x10100000;
                                      ^
../src/main.c:56:38: warning: initialization makes pointer from integer without a cast
 volatile unsigned int *masked_data = 0x10200000;
                                      ^
../src/main.c:57:38: warning: initialization makes pointer from integer without a cast
 volatile unsigned int *noised_data = 0x10300000;
                                      ^
../src/main.c:58:39: warning: initialization makes pointer from integer without a cast
 volatile unsigned int *microed_data = 0x10400000;
                                       ^
../src/main.c:59:39: warning: initialization makes pointer from integer without a cast
 volatile unsigned int *swapped_data = 0x10500000;
                                       ^
../src/main.c: In function 'XDcfg_TransferBitfile':
../src/main.c:132:16: warning: passing argument 1 of 'XTime_GetTime' makes pointer from integer without a cast
  XTime_GetTime(reconf_time);
                ^
In file included from ../src/main.c:20:0:
../../anon_pr_app_bsp/ps7_cortexa9_0/include/xtime_l.h:83:6: note: expected 'XTime *' but argument is of type 'XTime'
 void XTime_GetTime(XTime *Xtime_Global);
      ^
../src/main.c: In function 'main':
../src/main.c:299:63: warning: assignment makes integer from pointer without a cast
    axi_dma[(XAXIDMA_TX_OFFSET + XAXIDMA_SRCADDR_OFFSET) >> 2] = test_data;
                                                               ^
../src/main.c:304:64: warning: assignment makes integer from pointer without a cast
    axi_dma[(XAXIDMA_RX_OFFSET + XAXIDMA_DESTADDR_OFFSET) >> 2] = masked_data;
                                                                ^
../src/main.c:317:66: warning: assignment makes integer from pointer without a cast
       axi_dma[(XAXIDMA_TX_OFFSET + XAXIDMA_SRCADDR_OFFSET) >> 2] = test_data;
                                                                  ^
../src/main.c:322:67: warning: assignment makes integer from pointer without a cast
       axi_dma[(XAXIDMA_RX_OFFSET + XAXIDMA_DESTADDR_OFFSET) >> 2] = noised_data;
                                                                   ^
../src/main.c:334:66: warning: assignment makes integer from pointer without a cast
       axi_dma[(XAXIDMA_TX_OFFSET + XAXIDMA_SRCADDR_OFFSET) >> 2] = test_data;
                                                                  ^
../src/main.c:339:67: warning: assignment makes integer from pointer without a cast
       axi_dma[(XAXIDMA_RX_OFFSET + XAXIDMA_DESTADDR_OFFSET) >> 2] = swapped_data;
                                                                   ^
../src/main.c:351:66: warning: assignment makes integer from pointer without a cast
       axi_dma[(XAXIDMA_TX_OFFSET + XAXIDMA_SRCADDR_OFFSET) >> 2] = test_data;
                                                                  ^
../src/main.c:356:67: warning: assignment makes integer from pointer without a cast
       axi_dma[(XAXIDMA_RX_OFFSET + XAXIDMA_DESTADDR_OFFSET) >> 2] = microed_data;
                                                                   ^
Finished building: ../src/main.c
 
Building target: anon_pr_app.elf
Invoking: ARM gcc linker
arm-xilinx-eabi-gcc -Wl,-T -Wl,../src/lscript.ld -L../../anon_pr_app_bsp/ps7_cortexa9_0/lib -o "anon_pr_app.elf"  ./src/main.o   -Wl,--start-group,-lxil,-lgcc,-lc,--end-group -Wl,--start-group,-lxilffs,-lxil,-lgcc,-lc,--end-group
Finished building target: anon_pr_app.elf
 
Invoking: ARM Print Size
arm-xilinx-eabi-size anon_pr_app.elf  |tee "anon_pr_app.elf.size"
   text	   data	    bss	    dec	    hex	filename
  65512	   2268	  25312	  93092	  16ba4	anon_pr_app.elf
Finished building: anon_pr_app.elf.size
 
16:27:32 **** Auto Build of configuration Debug for project anon_pr_app ****
make all 
Building file: ../src/main.c
Invoking: ARM gcc compiler
arm-xilinx-eabi-gcc -Wall -O0 -g3 -c -fmessage-length=0 -MT"src/main.o" -I../../anon_pr_app_bsp/ps7_cortexa9_0/include -MMD -MP -MF"src/main.d" -MT"src/main.d" -o "src/main.o" "../src/main.c"
In file included from ../../anon_pr_app_bsp/ps7_cortexa9_0/include/xtime_l.h:61:0,
                 from ../src/main.c:20:
../../anon_pr_app_bsp/ps7_cortexa9_0/include/xparameters.h:28:33: warning: initialization makes pointer from integer without a cast
 #define XPAR_AXI_DMA_0_BASEADDR 0x40400000
                                 ^
../src/main.c:23:38: note: in expansion of macro 'XPAR_AXI_DMA_0_BASEADDR'
 volatile unsigned int* axi_dma     = XPAR_AXI_DMA_0_BASEADDR;
                                      ^
../../anon_pr_app_bsp/ps7_cortexa9_0/include/xparameters.h:255:39: warning: initialization makes pointer from integer without a cast
 #define XPAR_AXI_PR_DECOUPLE_BASEADDR 0x41200000
                                       ^
../src/main.c:24:42: note: in expansion of macro 'XPAR_AXI_PR_DECOUPLE_BASEADDR'
 volatile unsigned int* axi_pr_decouple = XPAR_AXI_PR_DECOUPLE_BASEADDR;
                                          ^
../src/main.c:55:38: warning: initialization makes pointer from integer without a cast
 volatile unsigned int *test_data   = 0x10100000;
                                      ^
../src/main.c:56:38: warning: initialization makes pointer from integer without a cast
 volatile unsigned int *masked_data = 0x10200000;
                                      ^
../src/main.c:57:38: warning: initialization makes pointer from integer without a cast
 volatile unsigned int *noised_data = 0x10300000;
                                      ^
../src/main.c:58:39: warning: initialization makes pointer from integer without a cast
 volatile unsigned int *microed_data = 0x10400000;
                                       ^
../src/main.c:59:39: warning: initialization makes pointer from integer without a cast
 volatile unsigned int *swapped_data = 0x10500000;
                                       ^
../src/main.c: In function 'XDcfg_TransferBitfile':
../src/main.c:108:16: error: 'reconf_time' undeclared (first use in this function)
  XTime_SetTime(reconf_time);
                ^
../src/main.c:108:16: note: each undeclared identifier is reported only once for each function it appears in
../src/main.c:105:8: warning: unused variable 'tEnd' [-Wunused-variable]
  XTime tEnd = 0;
        ^
../src/main.c:104:8: warning: unused variable 'tStart' [-Wunused-variable]
  XTime tStart = 0;
        ^
../src/main.c: In function 'main':
../src/main.c:300:63: warning: assignment makes integer from pointer without a cast
    axi_dma[(XAXIDMA_TX_OFFSET + XAXIDMA_SRCADDR_OFFSET) >> 2] = test_data;
                                                               ^
../src/main.c:305:64: warning: assignment makes integer from pointer without a cast
    axi_dma[(XAXIDMA_RX_OFFSET + XAXIDMA_DESTADDR_OFFSET) >> 2] = masked_data;
                                                                ^
../src/main.c:318:66: warning: assignment makes integer from pointer without a cast
       axi_dma[(XAXIDMA_TX_OFFSET + XAXIDMA_SRCADDR_OFFSET) >> 2] = test_data;
                                                                  ^
../src/main.c:323:67: warning: assignment makes integer from pointer without a cast
       axi_dma[(XAXIDMA_RX_OFFSET + XAXIDMA_DESTADDR_OFFSET) >> 2] = noised_data;
                                                                   ^
../src/main.c:335:66: warning: assignment makes integer from pointer without a cast
       axi_dma[(XAXIDMA_TX_OFFSET + XAXIDMA_SRCADDR_OFFSET) >> 2] = test_data;
                                                                  ^
../src/main.c:340:67: warning: assignment makes integer from pointer without a cast
       axi_dma[(XAXIDMA_RX_OFFSET + XAXIDMA_DESTADDR_OFFSET) >> 2] = swapped_data;
                                                                   ^
../src/main.c:352:66: warning: assignment makes integer from pointer without a cast
       axi_dma[(XAXIDMA_TX_OFFSET + XAXIDMA_SRCADDR_OFFSET) >> 2] = test_data;
                                                                  ^
../src/main.c:357:67: warning: assignment makes integer from pointer without a cast
       axi_dma[(XAXIDMA_RX_OFFSET + XAXIDMA_DESTADDR_OFFSET) >> 2] = microed_data;
                                                                   ^
make: *** [src/main.o] エラー 1
16:27:44 **** Auto Build of configuration Debug for project anon_pr_app ****
make all 
Building file: ../src/main.c
Invoking: ARM gcc compiler
arm-xilinx-eabi-gcc -Wall -O0 -g3 -c -fmessage-length=0 -MT"src/main.o" -I../../anon_pr_app_bsp/ps7_cortexa9_0/include -MMD -MP -MF"src/main.d" -MT"src/main.d" -o "src/main.o" "../src/main.c"
In file included from ../../anon_pr_app_bsp/ps7_cortexa9_0/include/xtime_l.h:61:0,
                 from ../src/main.c:20:
../../anon_pr_app_bsp/ps7_cortexa9_0/include/xparameters.h:28:33: warning: initialization makes pointer from integer without a cast
 #define XPAR_AXI_DMA_0_BASEADDR 0x40400000
                                 ^
../src/main.c:23:38: note: in expansion of macro 'XPAR_AXI_DMA_0_BASEADDR'
 volatile unsigned int* axi_dma     = XPAR_AXI_DMA_0_BASEADDR;
                                      ^
../../anon_pr_app_bsp/ps7_cortexa9_0/include/xparameters.h:255:39: warning: initialization makes pointer from integer without a cast
 #define XPAR_AXI_PR_DECOUPLE_BASEADDR 0x41200000
                                       ^
../src/main.c:24:42: note: in expansion of macro 'XPAR_AXI_PR_DECOUPLE_BASEADDR'
 volatile unsigned int* axi_pr_decouple = XPAR_AXI_PR_DECOUPLE_BASEADDR;
                                          ^
../src/main.c:55:38: warning: initialization makes pointer from integer without a cast
 volatile unsigned int *test_data   = 0x10100000;
                                      ^
../src/main.c:56:38: warning: initialization makes pointer from integer without a cast
 volatile unsigned int *masked_data = 0x10200000;
                                      ^
../src/main.c:57:38: warning: initialization makes pointer from integer without a cast
 volatile unsigned int *noised_data = 0x10300000;
                                      ^
../src/main.c:58:39: warning: initialization makes pointer from integer without a cast
 volatile unsigned int *microed_data = 0x10400000;
                                       ^
../src/main.c:59:39: warning: initialization makes pointer from integer without a cast
 volatile unsigned int *swapped_data = 0x10500000;
                                       ^
../src/main.c: In function 'XDcfg_TransferBitfile':
../src/main.c:108:16: warning: passing argument 1 of 'XTime_GetTime' makes pointer from integer without a cast
  XTime_GetTime(tStart);
                ^
In file included from ../src/main.c:20:0:
../../anon_pr_app_bsp/ps7_cortexa9_0/include/xtime_l.h:83:6: note: expected 'XTime *' but argument is of type 'XTime'
 void XTime_GetTime(XTime *Xtime_Global);
      ^
../src/main.c:133:16: error: 'reconf_time' undeclared (first use in this function)
  XTime_GetTime(reconf_time);
                ^
../src/main.c:133:16: note: each undeclared identifier is reported only once for each function it appears in
../src/main.c:105:8: warning: unused variable 'tEnd' [-Wunused-variable]
  XTime tEnd = 0;
        ^
../src/main.c: In function 'main':
../src/main.c:300:63: warning: assignment makes integer from pointer without a cast
    axi_dma[(XAXIDMA_TX_OFFSET + XAXIDMA_SRCADDR_OFFSET) >> 2] = test_data;
                                                               ^
../src/main.c:305:64: warning: assignment makes integer from pointer without a cast
    axi_dma[(XAXIDMA_RX_OFFSET + XAXIDMA_DESTADDR_OFFSET) >> 2] = masked_data;
                                                                ^
../src/main.c:318:66: warning: assignment makes integer from pointer without a cast
       axi_dma[(XAXIDMA_TX_OFFSET + XAXIDMA_SRCADDR_OFFSET) >> 2] = test_data;
                                                                  ^
../src/main.c:323:67: warning: assignment makes integer from pointer without a cast
       axi_dma[(XAXIDMA_RX_OFFSET + XAXIDMA_DESTADDR_OFFSET) >> 2] = noised_data;
                                                                   ^
../src/main.c:335:66: warning: assignment makes integer from pointer without a cast
       axi_dma[(XAXIDMA_TX_OFFSET + XAXIDMA_SRCADDR_OFFSET) >> 2] = test_data;
                                                                  ^
../src/main.c:340:67: warning: assignment makes integer from pointer without a cast
       axi_dma[(XAXIDMA_RX_OFFSET + XAXIDMA_DESTADDR_OFFSET) >> 2] = swapped_data;
                                                                   ^
../src/main.c:352:66: warning: assignment makes integer from pointer without a cast
       axi_dma[(XAXIDMA_TX_OFFSET + XAXIDMA_SRCADDR_OFFSET) >> 2] = test_data;
                                                                  ^
../src/main.c:357:67: warning: assignment makes integer from pointer without a cast
       axi_dma[(XAXIDMA_RX_OFFSET + XAXIDMA_DESTADDR_OFFSET) >> 2] = microed_data;
                                                                   ^
make: *** [src/main.o] エラー 1
16:27:52 **** Auto Build of configuration Debug for project anon_pr_app ****
make all 
Building file: ../src/main.c
Invoking: ARM gcc compiler
arm-xilinx-eabi-gcc -Wall -O0 -g3 -c -fmessage-length=0 -MT"src/main.o" -I../../anon_pr_app_bsp/ps7_cortexa9_0/include -MMD -MP -MF"src/main.d" -MT"src/main.d" -o "src/main.o" "../src/main.c"
In file included from ../../anon_pr_app_bsp/ps7_cortexa9_0/include/xtime_l.h:61:0,
                 from ../src/main.c:20:
../../anon_pr_app_bsp/ps7_cortexa9_0/include/xparameters.h:28:33: warning: initialization makes pointer from integer without a cast
 #define XPAR_AXI_DMA_0_BASEADDR 0x40400000
                                 ^
../src/main.c:23:38: note: in expansion of macro 'XPAR_AXI_DMA_0_BASEADDR'
 volatile unsigned int* axi_dma     = XPAR_AXI_DMA_0_BASEADDR;
                                      ^
../../anon_pr_app_bsp/ps7_cortexa9_0/include/xparameters.h:255:39: warning: initialization makes pointer from integer without a cast
 #define XPAR_AXI_PR_DECOUPLE_BASEADDR 0x41200000
                                       ^
../src/main.c:24:42: note: in expansion of macro 'XPAR_AXI_PR_DECOUPLE_BASEADDR'
 volatile unsigned int* axi_pr_decouple = XPAR_AXI_PR_DECOUPLE_BASEADDR;
                                          ^
../src/main.c:55:38: warning: initialization makes pointer from integer without a cast
 volatile unsigned int *test_data   = 0x10100000;
                                      ^
../src/main.c:56:38: warning: initialization makes pointer from integer without a cast
 volatile unsigned int *masked_data = 0x10200000;
                                      ^
../src/main.c:57:38: warning: initialization makes pointer from integer without a cast
 volatile unsigned int *noised_data = 0x10300000;
                                      ^
../src/main.c:58:39: warning: initialization makes pointer from integer without a cast
 volatile unsigned int *microed_data = 0x10400000;
                                       ^
../src/main.c:59:39: warning: initialization makes pointer from integer without a cast
 volatile unsigned int *swapped_data = 0x10500000;
                                       ^
../src/main.c: In function 'XDcfg_TransferBitfile':
../src/main.c:108:16: warning: passing argument 1 of 'XTime_GetTime' makes pointer from integer without a cast
  XTime_GetTime(tStart);
                ^
In file included from ../src/main.c:20:0:
../../anon_pr_app_bsp/ps7_cortexa9_0/include/xtime_l.h:83:6: note: expected 'XTime *' but argument is of type 'XTime'
 void XTime_GetTime(XTime *Xtime_Global);
      ^
../src/main.c:133:16: warning: passing argument 1 of 'XTime_GetTime' makes pointer from integer without a cast
  XTime_GetTime(tEnd);
                ^
In file included from ../src/main.c:20:0:
../../anon_pr_app_bsp/ps7_cortexa9_0/include/xtime_l.h:83:6: note: expected 'XTime *' but argument is of type 'XTime'
 void XTime_GetTime(XTime *Xtime_Global);
      ^
../src/main.c:137:49: error: 'reconf_time' undeclared (first use in this function)
  xil_printf("The Reconfiguration time: %d\r\n", reconf_time);
                                                 ^
../src/main.c:137:49: note: each undeclared identifier is reported only once for each function it appears in
../src/main.c: In function 'main':
../src/main.c:300:63: warning: assignment makes integer from pointer without a cast
    axi_dma[(XAXIDMA_TX_OFFSET + XAXIDMA_SRCADDR_OFFSET) >> 2] = test_data;
                                                               ^
../src/main.c:305:64: warning: assignment makes integer from pointer without a cast
    axi_dma[(XAXIDMA_RX_OFFSET + XAXIDMA_DESTADDR_OFFSET) >> 2] = masked_data;
                                                                ^
../src/main.c:318:66: warning: assignment makes integer from pointer without a cast
       axi_dma[(XAXIDMA_TX_OFFSET + XAXIDMA_SRCADDR_OFFSET) >> 2] = test_data;
                                                                  ^
../src/main.c:323:67: warning: assignment makes integer from pointer without a cast
       axi_dma[(XAXIDMA_RX_OFFSET + XAXIDMA_DESTADDR_OFFSET) >> 2] = noised_data;
                                                                   ^
../src/main.c:335:66: warning: assignment makes integer from pointer without a cast
       axi_dma[(XAXIDMA_TX_OFFSET + XAXIDMA_SRCADDR_OFFSET) >> 2] = test_data;
                                                                  ^
../src/main.c:340:67: warning: assignment makes integer from pointer without a cast
       axi_dma[(XAXIDMA_RX_OFFSET + XAXIDMA_DESTADDR_OFFSET) >> 2] = swapped_data;
                                                                   ^
../src/main.c:352:66: warning: assignment makes integer from pointer without a cast
       axi_dma[(XAXIDMA_TX_OFFSET + XAXIDMA_SRCADDR_OFFSET) >> 2] = test_data;
                                                                  ^
../src/main.c:357:67: warning: assignment makes integer from pointer without a cast
       axi_dma[(XAXIDMA_RX_OFFSET + XAXIDMA_DESTADDR_OFFSET) >> 2] = microed_data;
                                                                   ^
make: *** [src/main.o] エラー 1
16:28:05 **** Auto Build of configuration Debug for project anon_pr_app ****
make all 
Building file: ../src/main.c
Invoking: ARM gcc compiler
arm-xilinx-eabi-gcc -Wall -O0 -g3 -c -fmessage-length=0 -MT"src/main.o" -I../../anon_pr_app_bsp/ps7_cortexa9_0/include -MMD -MP -MF"src/main.d" -MT"src/main.d" -o "src/main.o" "../src/main.c"
In file included from ../../anon_pr_app_bsp/ps7_cortexa9_0/include/xtime_l.h:61:0,
                 from ../src/main.c:20:
../../anon_pr_app_bsp/ps7_cortexa9_0/include/xparameters.h:28:33: warning: initialization makes pointer from integer without a cast
 #define XPAR_AXI_DMA_0_BASEADDR 0x40400000
                                 ^
../src/main.c:23:38: note: in expansion of macro 'XPAR_AXI_DMA_0_BASEADDR'
 volatile unsigned int* axi_dma     = XPAR_AXI_DMA_0_BASEADDR;
                                      ^
../../anon_pr_app_bsp/ps7_cortexa9_0/include/xparameters.h:255:39: warning: initialization makes pointer from integer without a cast
 #define XPAR_AXI_PR_DECOUPLE_BASEADDR 0x41200000
                                       ^
../src/main.c:24:42: note: in expansion of macro 'XPAR_AXI_PR_DECOUPLE_BASEADDR'
 volatile unsigned int* axi_pr_decouple = XPAR_AXI_PR_DECOUPLE_BASEADDR;
                                          ^
../src/main.c:55:38: warning: initialization makes pointer from integer without a cast
 volatile unsigned int *test_data   = 0x10100000;
                                      ^
../src/main.c:56:38: warning: initialization makes pointer from integer without a cast
 volatile unsigned int *masked_data = 0x10200000;
                                      ^
../src/main.c:57:38: warning: initialization makes pointer from integer without a cast
 volatile unsigned int *noised_data = 0x10300000;
                                      ^
../src/main.c:58:39: warning: initialization makes pointer from integer without a cast
 volatile unsigned int *microed_data = 0x10400000;
                                       ^
../src/main.c:59:39: warning: initialization makes pointer from integer without a cast
 volatile unsigned int *swapped_data = 0x10500000;
                                       ^
../src/main.c: In function 'XDcfg_TransferBitfile':
../src/main.c:108:16: warning: passing argument 1 of 'XTime_GetTime' makes pointer from integer without a cast
  XTime_GetTime(tStart);
                ^
In file included from ../src/main.c:20:0:
../../anon_pr_app_bsp/ps7_cortexa9_0/include/xtime_l.h:83:6: note: expected 'XTime *' but argument is of type 'XTime'
 void XTime_GetTime(XTime *Xtime_Global);
      ^
../src/main.c:133:16: warning: passing argument 1 of 'XTime_GetTime' makes pointer from integer without a cast
  XTime_GetTime(tEnd);
                ^
In file included from ../src/main.c:20:0:
../../anon_pr_app_bsp/ps7_cortexa9_0/include/xtime_l.h:83:6: note: expected 'XTime *' but argument is of type 'XTime'
 void XTime_GetTime(XTime *Xtime_Global);
      ^
../src/main.c: In function 'main':
../src/main.c:300:63: warning: assignment makes integer from pointer without a cast
    axi_dma[(XAXIDMA_TX_OFFSET + XAXIDMA_SRCADDR_OFFSET) >> 2] = test_data;
                                                               ^
../src/main.c:305:64: warning: assignment makes integer from pointer without a cast
    axi_dma[(XAXIDMA_RX_OFFSET + XAXIDMA_DESTADDR_OFFSET) >> 2] = masked_data;
                                                                ^
../src/main.c:318:66: warning: assignment makes integer from pointer without a cast
       axi_dma[(XAXIDMA_TX_OFFSET + XAXIDMA_SRCADDR_OFFSET) >> 2] = test_data;
                                                                  ^
../src/main.c:323:67: warning: assignment makes integer from pointer without a cast
       axi_dma[(XAXIDMA_RX_OFFSET + XAXIDMA_DESTADDR_OFFSET) >> 2] = noised_data;
                                                                   ^
../src/main.c:335:66: warning: assignment makes integer from pointer without a cast
       axi_dma[(XAXIDMA_TX_OFFSET + XAXIDMA_SRCADDR_OFFSET) >> 2] = test_data;
                                                                  ^
../src/main.c:340:67: warning: assignment makes integer from pointer without a cast
       axi_dma[(XAXIDMA_RX_OFFSET + XAXIDMA_DESTADDR_OFFSET) >> 2] = swapped_data;
                                                                   ^
../src/main.c:352:66: warning: assignment makes integer from pointer without a cast
       axi_dma[(XAXIDMA_TX_OFFSET + XAXIDMA_SRCADDR_OFFSET) >> 2] = test_data;
                                                                  ^
../src/main.c:357:67: warning: assignment makes integer from pointer without a cast
       axi_dma[(XAXIDMA_RX_OFFSET + XAXIDMA_DESTADDR_OFFSET) >> 2] = microed_data;
                                                                   ^
Finished building: ../src/main.c
 
Building target: anon_pr_app.elf
Invoking: ARM gcc linker
arm-xilinx-eabi-gcc -Wl,-T -Wl,../src/lscript.ld -L../../anon_pr_app_bsp/ps7_cortexa9_0/lib -o "anon_pr_app.elf"  ./src/main.o   -Wl,--start-group,-lxil,-lgcc,-lc,--end-group -Wl,--start-group,-lxilffs,-lxil,-lgcc,-lc,--end-group
Finished building target: anon_pr_app.elf
 
Invoking: ARM Print Size
arm-xilinx-eabi-size anon_pr_app.elf  |tee "anon_pr_app.elf.size"
   text	   data	    bss	    dec	    hex	filename
  65576	   2268	  25312	  93156	  16be4	anon_pr_app.elf
Finished building: anon_pr_app.elf.size
 
16:29:11 **** Auto Build of configuration Debug for project anon_pr_app ****
make all 
Building file: ../src/main.c
Invoking: ARM gcc compiler
arm-xilinx-eabi-gcc -Wall -O0 -g3 -c -fmessage-length=0 -MT"src/main.o" -I../../anon_pr_app_bsp/ps7_cortexa9_0/include -MMD -MP -MF"src/main.d" -MT"src/main.d" -o "src/main.o" "../src/main.c"
In file included from ../../anon_pr_app_bsp/ps7_cortexa9_0/include/xtime_l.h:61:0,
                 from ../src/main.c:20:
../../anon_pr_app_bsp/ps7_cortexa9_0/include/xparameters.h:28:33: warning: initialization makes pointer from integer without a cast
 #define XPAR_AXI_DMA_0_BASEADDR 0x40400000
                                 ^
../src/main.c:23:38: note: in expansion of macro 'XPAR_AXI_DMA_0_BASEADDR'
 volatile unsigned int* axi_dma     = XPAR_AXI_DMA_0_BASEADDR;
                                      ^
../../anon_pr_app_bsp/ps7_cortexa9_0/include/xparameters.h:255:39: warning: initialization makes pointer from integer without a cast
 #define XPAR_AXI_PR_DECOUPLE_BASEADDR 0x41200000
                                       ^
[...]
 #define XPAR_AXI_DMA_0_BASEADDR 0x40400000
                                 ^
../src/main.c:24:38: note: in expansion of macro 'XPAR_AXI_DMA_0_BASEADDR'
 volatile unsigned int* axi_dma     = XPAR_AXI_DMA_0_BASEADDR;
                                      ^
../../anon_pr_app_bsp/ps7_cortexa9_0/include/xparameters.h:255:39: warning: initialization makes pointer from integer without a cast
 #define XPAR_AXI_PR_DECOUPLE_BASEADDR 0x41200000
                                       ^
../src/main.c:25:42: note: in expansion of macro 'XPAR_AXI_PR_DECOUPLE_BASEADDR'
 volatile unsigned int* axi_pr_decouple = XPAR_AXI_PR_DECOUPLE_BASEADDR;
                                          ^
../src/main.c:60:38: warning: initialization makes pointer from integer without a cast
 volatile unsigned int *test_data   = 0x10100000;
                                      ^
../src/main.c:61:38: warning: initialization makes pointer from integer without a cast
 volatile unsigned int *masked_data = 0x10200000;
                                      ^
../src/main.c:62:38: warning: initialization makes pointer from integer without a cast
 volatile unsigned int *noised_data = 0x10300000;
                                      ^
../src/main.c:63:39: warning: initialization makes pointer from integer without a cast
 volatile unsigned int *microed_data = 0x10400000;
                                       ^
../src/main.c:64:39: warning: initialization makes pointer from integer without a cast
 volatile unsigned int *swapped_data = 0x10500000;
                                       ^
../src/main.c: In function 'XDcfg_TransferBitfile':
../src/main.c:140:2: warning: implicit declaration of function 'printf' [-Wimplicit-function-declaration]
  printf("The Start time: %llu\r\n", tStart);
  ^
../src/main.c:140:2: warning: incompatible implicit declaration of built-in function 'printf'
../src/main.c: In function 'main':
../src/main.c:299:2: warning: incompatible implicit declaration of built-in function 'printf'
  printf("On-chip temperature: %.2f ℃\r\n", oc_temp);
  ^
../src/main.c:337:63: warning: assignment makes integer from pointer without a cast
    axi_dma[(XAXIDMA_TX_OFFSET + XAXIDMA_SRCADDR_OFFSET) >> 2] = test_data;
                                                               ^
../src/main.c:342:64: warning: assignment makes integer from pointer without a cast
    axi_dma[(XAXIDMA_RX_OFFSET + XAXIDMA_DESTADDR_OFFSET) >> 2] = masked_data;
                                                                ^
../src/main.c:355:66: warning: assignment makes integer from pointer without a cast
       axi_dma[(XAXIDMA_TX_OFFSET + XAXIDMA_SRCADDR_OFFSET) >> 2] = test_data;
                                                                  ^
../src/main.c:360:67: warning: assignment makes integer from pointer without a cast
       axi_dma[(XAXIDMA_RX_OFFSET + XAXIDMA_DESTADDR_OFFSET) >> 2] = noised_data;
                                                                   ^
../src/main.c:372:66: warning: assignment makes integer from pointer without a cast
       axi_dma[(XAXIDMA_TX_OFFSET + XAXIDMA_SRCADDR_OFFSET) >> 2] = test_data;
                                                                  ^
../src/main.c:377:67: warning: assignment makes integer from pointer without a cast
       axi_dma[(XAXIDMA_RX_OFFSET + XAXIDMA_DESTADDR_OFFSET) >> 2] = swapped_data;
                                                                   ^
../src/main.c:389:66: warning: assignment makes integer from pointer without a cast
       axi_dma[(XAXIDMA_TX_OFFSET + XAXIDMA_SRCADDR_OFFSET) >> 2] = test_data;
                                                                  ^
../src/main.c:394:67: warning: assignment makes integer from pointer without a cast
       axi_dma[(XAXIDMA_RX_OFFSET + XAXIDMA_DESTADDR_OFFSET) >> 2] = microed_data;
                                                                   ^
Finished building: ../src/main.c
 
Building target: anon_pr_app.elf
Invoking: ARM gcc linker
arm-xilinx-eabi-gcc -Wl,-T -Wl,../src/lscript.ld -L../../anon_pr_app_bsp/ps7_cortexa9_0/lib -o "anon_pr_app.elf"  ./src/main.o   -Wl,--start-group,-lxil,-lgcc,-lc,--end-group -Wl,--start-group,-lxilffs,-lxil,-lgcc,-lc,--end-group
Finished building target: anon_pr_app.elf
 
Invoking: ARM Print Size
arm-xilinx-eabi-size anon_pr_app.elf  |tee "anon_pr_app.elf.size"
   text	   data	    bss	    dec	    hex	filename
 107932	   2404	  25328	 135664	  211f0	anon_pr_app.elf
Finished building: anon_pr_app.elf.size
 
16:20:57 **** Auto Build of configuration Debug for project anon_pr_app ****
make all 
Building file: ../src/main.c
Invoking: ARM gcc compiler
arm-xilinx-eabi-gcc -Wall -O0 -g3 -c -fmessage-length=0 -MT"src/main.o" -I../../anon_pr_app_bsp/ps7_cortexa9_0/include -MMD -MP -MF"src/main.d" -MT"src/main.d" -o "src/main.o" "../src/main.c"
In file included from ../../anon_pr_app_bsp/ps7_cortexa9_0/include/xtime_l.h:61:0,
                 from ../src/main.c:20:
../../anon_pr_app_bsp/ps7_cortexa9_0/include/xparameters.h:28:33: warning: initialization makes pointer from integer without a cast
 #define XPAR_AXI_DMA_0_BASEADDR 0x40400000
                                 ^
../src/main.c:24:38: note: in expansion of macro 'XPAR_AXI_DMA_0_BASEADDR'
 volatile unsigned int* axi_dma     = XPAR_AXI_DMA_0_BASEADDR;
                                      ^
../../anon_pr_app_bsp/ps7_cortexa9_0/include/xparameters.h:255:39: warning: initialization makes pointer from integer without a cast
 #define XPAR_AXI_PR_DECOUPLE_BASEADDR 0x41200000
                                       ^
../src/main.c:25:42: note: in expansion of macro 'XPAR_AXI_PR_DECOUPLE_BASEADDR'
 volatile unsigned int* axi_pr_decouple = XPAR_AXI_PR_DECOUPLE_BASEADDR;
                                          ^
../src/main.c:60:38: warning: initialization makes pointer from integer without a cast
 volatile unsigned int *test_data   = 0x10100000;
                                      ^
../src/main.c:61:38: warning: initialization makes pointer from integer without a cast
 volatile unsigned int *masked_data = 0x10200000;
                                      ^
../src/main.c:62:38: warning: initialization makes pointer from integer without a cast
 volatile unsigned int *noised_data = 0x10300000;
                                      ^
../src/main.c:63:39: warning: initialization makes pointer from integer without a cast
 volatile unsigned int *microed_data = 0x10400000;
                                       ^
../src/main.c:64:39: warning: initialization makes pointer from integer without a cast
 volatile unsigned int *swapped_data = 0x10500000;
                                       ^
../src/main.c: In function 'XDcfg_TransferBitfile':
../src/main.c:140:2: warning: implicit declaration of function 'printf' [-Wimplicit-function-declaration]
  printf("The Start time: %llu\r\n", tStart);
  ^
../src/main.c:140:2: warning: incompatible implicit declaration of built-in function 'printf'
../src/main.c: In function 'main':
../src/main.c:299:2: warning: incompatible implicit declaration of built-in function 'printf'
  printf("On-chip temperature: %.2f ℃\r\n", oc_temp);
  ^
../src/main.c:337:63: warning: assignment makes integer from pointer without a cast
    axi_dma[(XAXIDMA_TX_OFFSET + XAXIDMA_SRCADDR_OFFSET) >> 2] = test_data;
                                                               ^
../src/main.c:342:64: warning: assignment makes integer from pointer without a cast
    axi_dma[(XAXIDMA_RX_OFFSET + XAXIDMA_DESTADDR_OFFSET) >> 2] = masked_data;
                                                                ^
../src/main.c:355:66: warning: assignment makes integer from pointer without a cast
       axi_dma[(XAXIDMA_TX_OFFSET + XAXIDMA_SRCADDR_OFFSET) >> 2] = test_data;
                                                                  ^
../src/main.c:360:67: warning: assignment makes integer from pointer without a cast
       axi_dma[(XAXIDMA_RX_OFFSET + XAXIDMA_DESTADDR_OFFSET) >> 2] = noised_data;
                                                                   ^
../src/main.c:372:66: warning: assignment makes integer from pointer without a cast
       axi_dma[(XAXIDMA_TX_OFFSET + XAXIDMA_SRCADDR_OFFSET) >> 2] = test_data;
                                                                  ^
../src/main.c:377:67: warning: assignment makes integer from pointer without a cast
       axi_dma[(XAXIDMA_RX_OFFSET + XAXIDMA_DESTADDR_OFFSET) >> 2] = swapped_data;
                                                                   ^
../src/main.c:389:66: warning: assignment makes integer from pointer without a cast
       axi_dma[(XAXIDMA_TX_OFFSET + XAXIDMA_SRCADDR_OFFSET) >> 2] = test_data;
                                                                  ^
../src/main.c:394:67: warning: assignment makes integer from pointer without a cast
       axi_dma[(XAXIDMA_RX_OFFSET + XAXIDMA_DESTADDR_OFFSET) >> 2] = microed_data;
                                                                   ^
Finished building: ../src/main.c
 
Building target: anon_pr_app.elf
Invoking: ARM gcc linker
arm-xilinx-eabi-gcc -Wl,-T -Wl,../src/lscript.ld -L../../anon_pr_app_bsp/ps7_cortexa9_0/lib -o "anon_pr_app.elf"  ./src/main.o   -Wl,--start-group,-lxil,-lgcc,-lc,--end-group -Wl,--start-group,-lxilffs,-lxil,-lgcc,-lc,--end-group
Finished building target: anon_pr_app.elf
 
Invoking: ARM Print Size
arm-xilinx-eabi-size anon_pr_app.elf  |tee "anon_pr_app.elf.size"
   text	   data	    bss	    dec	    hex	filename
 107868	   2404	  25328	 135600	  211b0	anon_pr_app.elf
Finished building: anon_pr_app.elf.size
 
09:31:03 **** Auto Build of project device_tree_bsp_0 ****
make -k all 
make: `all' に対して行うべき事はありません.
13:16:36 **** Auto Build of project device_tree_bsp_0 ****
make -k all 
make: `all' に対して行うべき事はありません.
11:39:42 **** Auto Build of project device_tree_bsp_0 ****
make -k all 
make: `all' に対して行うべき事はありません.
15:34:49 **** Auto Build of project device_tree_bsp_0 ****
make -k all 
make: `all' に対して行うべき事はありません.
15:48:26 **** Auto Build of configuration Debug for project anon_pr_app ****
make all 
Building file: ../src/main.c
Invoking: ARM gcc compiler
arm-xilinx-eabi-gcc -Wall -O0 -g3 -c -fmessage-length=0 -MT"src/main.o" -I../../anon_pr_app_bsp/ps7_cortexa9_0/include -MMD -MP -MF"src/main.d" -MT"src/main.d" -o "src/main.o" "../src/main.c"
In file included from ../../anon_pr_app_bsp/ps7_cortexa9_0/include/xtime_l.h:61:0,
                 from ../src/main.c:20:
../../anon_pr_app_bsp/ps7_cortexa9_0/include/xparameters.h:28:33: warning: initialization makes pointer from integer without a cast
 #define XPAR_AXI_DMA_0_BASEADDR 0x40400000
                                 ^
../src/main.c:25:38: note: in expansion of macro 'XPAR_AXI_DMA_0_BASEADDR'
 volatile unsigned int* axi_dma     = XPAR_AXI_DMA_0_BASEADDR;
                                      ^
../../anon_pr_app_bsp/ps7_cortexa9_0/include/xparameters.h:255:39: warning: initialization makes pointer from integer without a cast
 #define XPAR_AXI_PR_DECOUPLE_BASEADDR 0x41200000
                                       ^
../src/main.c:26:42: note: in expansion of macro 'XPAR_AXI_PR_DECOUPLE_BASEADDR'
 volatile unsigned int* axi_pr_decouple = XPAR_AXI_PR_DECOUPLE_BASEADDR;
                                          ^
../src/main.c:61:38: warning: initialization makes pointer from integer without a cast
 volatile unsigned int *test_data   = 0x10100000;
                                      ^
../src/main.c:62:38: warning: initialization makes pointer from integer without a cast
 volatile unsigned int *masked_data = 0x10200000;
                                      ^
../src/main.c:63:38: warning: initialization makes pointer from integer without a cast
 volatile unsigned int *noised_data = 0x10300000;
                                      ^
../src/main.c:64:39: warning: initialization makes pointer from integer without a cast
 volatile unsigned int *microed_data = 0x10400000;
                                       ^
../src/main.c:65:39: warning: initialization makes pointer from integer without a cast
 volatile unsigned int *swapped_data = 0x10500000;
                                       ^
../src/main.c: In function 'main':
../src/main.c:338:63: warning: assignment makes integer from pointer without a cast
    axi_dma[(XAXIDMA_TX_OFFSET + XAXIDMA_SRCADDR_OFFSET) >> 2] = test_data;
                                                               ^
../src/main.c:343:64: warning: assignment makes integer from pointer without a cast
    axi_dma[(XAXIDMA_RX_OFFSET + XAXIDMA_DESTADDR_OFFSET) >> 2] = masked_data;
                                                                ^
../src/main.c:356:66: warning: assignment makes integer from pointer without a cast
       axi_dma[(XAXIDMA_TX_OFFSET + XAXIDMA_SRCADDR_OFFSET) >> 2] = test_data;
                                                                  ^
../src/main.c:361:67: warning: assignment makes integer from pointer without a cast
       axi_dma[(XAXIDMA_RX_OFFSET + XAXIDMA_DESTADDR_OFFSET) >> 2] = noised_data;
                                                                   ^
../src/main.c:373:66: warning: assignment makes integer from pointer without a cast
       axi_dma[(XAXIDMA_TX_OFFSET + XAXIDMA_SRCADDR_OFFSET) >> 2] = test_data;
                                                                  ^
../src/main.c:378:67: warning: assignment makes integer from pointer without a cast
       axi_dma[(XAXIDMA_RX_OFFSET + XAXIDMA_DESTADDR_OFFSET) >> 2] = swapped_data;
                                                                   ^
../src/main.c:390:66: warning: assignment makes integer from pointer without a cast
       axi_dma[(XAXIDMA_TX_OFFSET + XAXIDMA_SRCADDR_OFFSET) >> 2] = test_data;
                                                                  ^
../src/main.c:395:67: warning: assignment makes integer from pointer without a cast
       axi_dma[(XAXIDMA_RX_OFFSET + XAXIDMA_DESTADDR_OFFSET) >> 2] = microed_data;
                                                                   ^
Finished building: ../src/main.c
 
Building target: anon_pr_app.elf
Invoking: ARM gcc linker
arm-xilinx-eabi-gcc -Wl,-T -Wl,../src/lscript.ld -L../../anon_pr_app_bsp/ps7_cortexa9_0/lib -o "anon_pr_app.elf"  ./src/main.o   -Wl,--start-group,-lxil,-lgcc,-lc,--end-group -Wl,--start-group,-lxilffs,-lxil,-lgcc,-lc,--end-group
Finished building target: anon_pr_app.elf
 
Invoking: ARM Print Size
arm-xilinx-eabi-size anon_pr_app.elf  |tee "anon_pr_app.elf.size"
   text	   data	    bss	    dec	    hex	filename
 107868	   2404	  25328	 135600	  211b0	anon_pr_app.elf
Finished building: anon_pr_app.elf.size
 
15:48:38 **** Auto Build of configuration Debug for project anon_pr_app ****
make all 
Building file: ../src/main.c
Invoking: ARM gcc compiler
arm-xilinx-eabi-gcc -Wall -O0 -g3 -c -fmessage-length=0 -MT"src/main.o" -I../../anon_pr_app_bsp/ps7_cortexa9_0/include -MMD -MP -MF"src/main.d" -MT"src/main.d" -o "src/main.o" "../src/main.c"
In file included from ../../anon_pr_app_bsp/ps7_cortexa9_0/include/xtime_l.h:61:0,
                 from ../src/main.c:20:
../../anon_pr_app_bsp/ps7_cortexa9_0/include/xparameters.h:28:33: warning: initialization makes pointer from integer without a cast
 #define XPAR_AXI_DMA_0_BASEADDR 0x40400000
                                 ^
../src/main.c:24:38: note: in expansion of macro 'XPAR_AXI_DMA_0_BASEADDR'
 volatile unsigned int* axi_dma     = XPAR_AXI_DMA_0_BASEADDR;
                                      ^
../../anon_pr_app_bsp/ps7_cortexa9_0/include/xparameters.h:255:39: warning: initialization makes pointer from integer without a cast
 #define XPAR_AXI_PR_DECOUPLE_BASEADDR 0x41200000
                                       ^
../src/main.c:25:42: note: in expansion of macro 'XPAR_AXI_PR_DECOUPLE_BASEADDR'
 volatile unsigned int* axi_pr_decouple = XPAR_AXI_PR_DECOUPLE_BASEADDR;
                                          ^
../src/main.c:60:38: warning: initialization makes pointer from integer without a cast
 volatile unsigned int *test_data   = 0x10100000;
                                      ^
../src/main.c:61:38: warning: initialization makes pointer from integer without a cast
 volatile unsigned int *masked_data = 0x10200000;
                                      ^
../src/main.c:62:38: warning: initialization makes pointer from integer without a cast
 volatile unsigned int *noised_data = 0x10300000;
                                      ^
../src/main.c:63:39: warning: initialization makes pointer from integer without a cast
 volatile unsigned int *microed_data = 0x10400000;
                                       ^
../src/main.c:64:39: warning: initialization makes pointer from integer without a cast
 volatile unsigned int *swapped_data = 0x10500000;
                                       ^
../src/main.c: In function 'XDcfg_TransferBitfile':
../src/main.c:140:2: warning: implicit declaration of function 'printf' [-Wimplicit-function-declaration]
  printf("The Start time: %llu\r\n", tStart);
  ^
../src/main.c:140:2: warning: incompatible implicit declaration of built-in function 'printf'
../src/main.c: In function 'main':
../src/main.c:299:2: warning: incompatible implicit declaration of built-in function 'printf'
  printf("On-chip temperature: %.2f ℃\r\n", oc_temp);
  ^
../src/main.c:337:63: warning: assignment makes integer from pointer without a cast
    axi_dma[(XAXIDMA_TX_OFFSET + XAXIDMA_SRCADDR_OFFSET) >> 2] = test_data;
                                                               ^
../src/main.c:342:64: warning: assignment makes integer from pointer without a cast
    axi_dma[(XAXIDMA_RX_OFFSET + XAXIDMA_DESTADDR_OFFSET) >> 2] = masked_data;
                                                                ^
../src/main.c:355:66: warning: assignment makes integer from pointer without a cast
       axi_dma[(XAXIDMA_TX_OFFSET + XAXIDMA_SRCADDR_OFFSET) >> 2] = test_data;
                                                                  ^
../src/main.c:360:67: warning: assignment makes integer from pointer without a cast
       axi_dma[(XAXIDMA_RX_OFFSET + XAXIDMA_DESTADDR_OFFSET) >> 2] = noised_data;
                                                                   ^
../src/main.c:372:66: warning: assignment makes integer from pointer without a cast
       axi_dma[(XAXIDMA_TX_OFFSET + XAXIDMA_SRCADDR_OFFSET) >> 2] = test_data;
                                                                  ^
../src/main.c:377:67: warning: assignment makes integer from pointer without a cast
       axi_dma[(XAXIDMA_RX_OFFSET + XAXIDMA_DESTADDR_OFFSET) >> 2] = swapped_data;
                                                                   ^
../src/main.c:389:66: warning: assignment makes integer from pointer without a cast
       axi_dma[(XAXIDMA_TX_OFFSET + XAXIDMA_SRCADDR_OFFSET) >> 2] = test_data;
                                                                  ^
../src/main.c:394:67: warning: assignment makes integer from pointer without a cast
       axi_dma[(XAXIDMA_RX_OFFSET + XAXIDMA_DESTADDR_OFFSET) >> 2] = microed_data;
                                                                   ^
Finished building: ../src/main.c
 
Building target: anon_pr_app.elf
Invoking: ARM gcc linker
arm-xilinx-eabi-gcc -Wl,-T -Wl,../src/lscript.ld -L../../anon_pr_app_bsp/ps7_cortexa9_0/lib -o "anon_pr_app.elf"  ./src/main.o   -Wl,--start-group,-lxil,-lgcc,-lc,--end-group -Wl,--start-group,-lxilffs,-lxil,-lgcc,-lc,--end-group
Finished building target: anon_pr_app.elf
 
Invoking: ARM Print Size
arm-xilinx-eabi-size anon_pr_app.elf  |tee "anon_pr_app.elf.size"
   text	   data	    bss	    dec	    hex	filename
 107868	   2404	  25328	 135600	  211b0	anon_pr_app.elf
Finished building: anon_pr_app.elf.size
 
18:29:30 **** Auto Build of project device_tree_bsp_0 ****
make -k all 
make: `all' に対して行うべき事はありません.
